Component: ARM Compiler 5.05 update 1 (build 106) Tool: armlink [4d0efa]

==============================================================================

Section Cross References

    system_stm32f10x.o(.text) refers to system_stm32f10x.o(.data) for SystemCoreClock
    startup_stm32f10x_md.o(RESET) refers to startup_stm32f10x_md.o(STACK) for __initial_sp
    startup_stm32f10x_md.o(RESET) refers to startup_stm32f10x_md.o(.text) for Reset_Handler
    startup_stm32f10x_md.o(RESET) refers to stm32f10x_it.o(.text) for NMI_Handler
    startup_stm32f10x_md.o(RESET) refers to delaysys.o(.text) for SysTick_Handler
    startup_stm32f10x_md.o(RESET) refers to main.o(.text) for TIM3_IRQHandler
    startup_stm32f10x_md.o(RESET) refers to uarts.o(.text) for USART1_IRQHandler
    startup_stm32f10x_md.o(.text) refers to system_stm32f10x.o(.text) for SystemInit
    startup_stm32f10x_md.o(.text) refers to entry.o(.ARM.Collect$$$$00000000) for __main
    ioi2c.o(.text) refers to stm32f10x_rcc.o(.text) for RCC_APB2PeriphClockCmd
    ioi2c.o(.text) refers to stm32f10x_gpio.o(.text) for GPIO_Init
    uarts.o(.text) refers to misc.o(.text) for NVIC_Init
    uarts.o(.text) refers to stm32f10x_rcc.o(.text) for RCC_APB2PeriphClockCmd
    uarts.o(.text) refers to stm32f10x_gpio.o(.text) for GPIO_Init
    uarts.o(.text) refers to stm32f10x_usart.o(.text) for USART_Init
    uarts.o(.text) refers to main.o(.text) for CopeSerialData
    uarts.o(.text) refers to uarts.o(.data) for count
    uarts.o(.text) refers to uarts.o(.bss) for TxBuffer
    timer.o(.text) refers to stm32f10x_rcc.o(.text) for RCC_APB1PeriphClockCmd
    timer.o(.text) refers to stm32f10x_gpio.o(.text) for GPIO_Init
    timer.o(.text) refers to stm32f10x_tim.o(.text) for TIM_TimeBaseInit
    key.o(.text) refers to stm32f10x_rcc.o(.text) for RCC_APB2PeriphClockCmd
    key.o(.text) refers to stm32f10x_gpio.o(.text) for GPIO_Init
    key.o(.text) refers to delay.o(.text) for delay_ms1
    key.o(.text) refers to key.o(.data) for key_up
    led.o(.text) refers to stm32f10x_rcc.o(.text) for RCC_APB2PeriphClockCmd
    led.o(.text) refers to stm32f10x_gpio.o(.text) for GPIO_Init
    delay.o(.text) refers to misc.o(.text) for SysTick_CLKSourceConfig
    delay.o(.text) refers to system_stm32f10x.o(.data) for SystemCoreClock
    delay.o(.text) refers to delay.o(.data) for fac_us
    delaysys.o(.text) refers to misc.o(.text) for NVIC_PriorityGroupConfig
    delaysys.o(.text) refers to delaysys.o(.data) for fac_us
    time.o(.text) refers to stm32f10x_rcc.o(.text) for RCC_APB1PeriphClockCmd
    time.o(.text) refers to stm32f10x_tim.o(.text) for TIM_TimeBaseInit
    time.o(.text) refers to misc.o(.text) for NVIC_Init
    24l01.o(.text) refers to stm32f10x_rcc.o(.text) for RCC_APB2PeriphClockCmd
    24l01.o(.text) refers to stm32f10x_gpio.o(.text) for GPIO_Init
    24l01.o(.text) refers to spi.o(.text) for SPI2_Init
    24l01.o(.text) refers to stm32f10x_spi.o(.text) for SPI_Cmd
    24l01.o(.text) refers to 24l01.o(.constdata) for RX_ADDRESS
    spi.o(.text) refers to stm32f10x_spi.o(.text) for SPI_I2S_GetFlagStatus
    spi.o(.text) refers to stm32f10x_rcc.o(.text) for RCC_APB2PeriphClockCmd
    spi.o(.text) refers to stm32f10x_gpio.o(.text) for GPIO_Init
    adc.o(.text) refers to stm32f10x_rcc.o(.text) for RCC_APB2PeriphClockCmd
    adc.o(.text) refers to stm32f10x_gpio.o(.text) for GPIO_Init
    adc.o(.text) refers to stm32f10x_adc.o(.text) for ADC_DeInit
    main.o(.text) refers to uarts.o(.text) for UART1_Put_Char
    main.o(.text) refers to ffixui.o(.text) for __aeabi_f2uiz
    main.o(.text) refers to stm32f10x_tim.o(.text) for TIM_GetITStatus
    main.o(.text) refers to fflti.o(.text) for __aeabi_i2f
    main.o(.text) refers to fadd.o(.text) for __aeabi_fadd
    main.o(.text) refers to fdiv.o(.text) for __aeabi_fdiv
    main.o(.text) refers to f2d.o(.text) for __aeabi_f2d
    main.o(.text) refers to dmul.o(.text) for __aeabi_dmul
    main.o(.text) refers to d2f.o(.text) for __aeabi_d2f
    main.o(.text) refers to cfrcmple.o(.text) for __aeabi_cfrcmple
    main.o(.text) refers to main.o(.data) for ucRxCnt
    main.o(.text) refers to main.o(.bss) for ucRxBuffer
    main.o(.text) refers to fmul.o(.text) for __aeabi_fmul
    main.o(.text) refers to dflti.o(.text) for __aeabi_i2d
    main.o(.text) refers to ddiv.o(.text) for __aeabi_ddiv
    main.o(.text) refers to dfltui.o(.text) for __aeabi_ui2d
    main.o(.text) refers to dadd.o(.text) for __aeabi_dadd
    main.o(.text) refers to dfixui.o(.text) for __aeabi_d2uiz
    main.o(.text) refers to cfcmple.o(.text) for __aeabi_cfcmple
    main.o(.text) refers to delay.o(.text) for delay_init1
    main.o(.text) refers to system_stm32f10x.o(.text) for SystemInit
    main.o(.text) refers to delaysys.o(.text) for SysTick_init
    main.o(.text) refers to adc.o(.text) for Adc_Init
    main.o(.text) refers to led.o(.text) for LED_Init
    main.o(.text) refers to time.o(.text) for TIM3_Int_Init
[...]
    cos_x.o(i.__cos$lsc) refers to rred.o(i.__ieee754_rem_pio2) for __ieee754_rem_pio2
    cos_x.o(i.__cos$lsc) refers to sin_i.o(i.__kernel_sin) for __kernel_sin
    cos_x.o(i.__cos$lsc) refers to cos_i.o(i.__kernel_cos) for __kernel_cos
    pow.o(i.__softfp_pow) refers (Special) to iusefp.o(.text) for __I$use$fp
    pow.o(i.__softfp_pow) refers to pow.o(i.pow) for pow
    pow.o(i.pow) refers (Special) to iusefp.o(.text) for __I$use$fp
    pow.o(i.pow) refers to dunder.o(i.__mathlib_dbl_infnan2) for __mathlib_dbl_infnan2
    pow.o(i.pow) refers to errno.o(i.__set_errno) for __set_errno
    pow.o(i.pow) refers to dunder.o(i.__mathlib_dbl_divzero) for __mathlib_dbl_divzero
    pow.o(i.pow) refers to dunder.o(i.__mathlib_dbl_overflow) for __mathlib_dbl_overflow
    pow.o(i.pow) refers to ddiv.o(.text) for __aeabi_ddiv
    pow.o(i.pow) refers to sqrt.o(i.sqrt) for sqrt
    pow.o(i.pow) refers to dmul.o(.text) for __aeabi_dmul
    pow.o(i.pow) refers to dunder.o(i.__mathlib_dbl_invalid) for __mathlib_dbl_invalid
    pow.o(i.pow) refers to dunder.o(i.__mathlib_dbl_underflow) for __mathlib_dbl_underflow
    pow.o(i.pow) refers to dadd.o(.text) for __aeabi_dsub
    pow.o(i.pow) refers to dscalb.o(.text) for __ARM_scalbn
    pow.o(i.pow) refers to qnan.o(.constdata) for __mathlib_zero
    pow.o(i.pow) refers to poly.o(i.__kernel_poly) for __kernel_poly
    pow.o(i.pow) refers to dflti.o(.text) for __aeabi_i2d
    pow.o(i.pow) refers to cdrcmple.o(.text) for __aeabi_cdrcmple
    pow.o(i.pow) refers to pow.o(.constdata) for .constdata
    pow.o(i.pow) refers to fpclassify.o(i.__ARM_fpclassify) for __ARM_fpclassify
    pow.o(.constdata) refers (Special) to iusefp.o(.text) for __I$use$fp
    pow_x.o(i.____softfp_pow$lsc) refers (Special) to iusefp.o(.text) for __I$use$fp
    pow_x.o(i.____softfp_pow$lsc) refers to pow_x.o(i.__pow$lsc) for __pow$lsc
    pow_x.o(i.__pow$lsc) refers (Special) to iusefp.o(.text) for __I$use$fp
    pow_x.o(i.__pow$lsc) refers to dunder.o(i.__mathlib_dbl_infnan2) for __mathlib_dbl_infnan2
    pow_x.o(i.__pow$lsc) refers to errno.o(i.__set_errno) for __set_errno
    pow_x.o(i.__pow$lsc) refers to ddiv.o(.text) for __aeabi_ddiv
    pow_x.o(i.__pow$lsc) refers to sqrt.o(i.sqrt) for sqrt
    pow_x.o(i.__pow$lsc) refers to dmul.o(.text) for __aeabi_dmul
    pow_x.o(i.__pow$lsc) refers to dflti.o(.text) for __aeabi_i2d
    pow_x.o(i.__pow$lsc) refers to dadd.o(.text) for __aeabi_dsub
    pow_x.o(i.__pow$lsc) refers to dscalb.o(.text) for __ARM_scalbn
    pow_x.o(i.__pow$lsc) refers to qnan.o(.constdata) for __mathlib_zero
    pow_x.o(i.__pow$lsc) refers to pow_x.o(.constdata) for .constdata
    pow_x.o(i.__pow$lsc) refers to poly.o(i.__kernel_poly) for __kernel_poly
    pow_x.o(i.__pow$lsc) refers to cdrcmple.o(.text) for __aeabi_cdrcmple
    pow_x.o(.constdata) refers (Special) to iusefp.o(.text) for __I$use$fp
    sqrt.o(i.__softfp_sqrt) refers (Special) to iusefp.o(.text) for __I$use$fp
    sqrt.o(i.__softfp_sqrt) refers to dsqrt.o(.text) for _dsqrt
    sqrt.o(i.__softfp_sqrt) refers to errno.o(i.__set_errno) for __set_errno
    sqrt.o(i.sqrt) refers (Special) to iusefp.o(.text) for __I$use$fp
    sqrt.o(i.sqrt) refers to dsqrt.o(.text) for _dsqrt
    sqrt.o(i.sqrt) refers to errno.o(i.__set_errno) for __set_errno
    sqrt_x.o(i.____softfp_sqrt$lsc) refers (Special) to iusefp.o(.text) for __I$use$fp
    sqrt_x.o(i.____softfp_sqrt$lsc) refers to cdcmple.o(.text) for __aeabi_cdcmple
    sqrt_x.o(i.____softfp_sqrt$lsc) refers to errno.o(i.__set_errno) for __set_errno
    sqrt_x.o(i.____softfp_sqrt$lsc) refers to dsqrt.o(.text) for _dsqrt
    sqrt_x.o(i.__sqrt$lsc) refers (Special) to iusefp.o(.text) for __I$use$fp
    sqrt_x.o(i.__sqrt$lsc) refers to cdcmple.o(.text) for __aeabi_cdcmple
    sqrt_x.o(i.__sqrt$lsc) refers to errno.o(i.__set_errno) for __set_errno
    sqrt_x.o(i.__sqrt$lsc) refers to dsqrt.o(.text) for _dsqrt
    entry.o(.ARM.Collect$$$$00000000) refers (Special) to entry10a.o(.ARM.Collect$$$$0000000D) for __rt_final_cpp
    entry.o(.ARM.Collect$$$$00000000) refers (Special) to entry11a.o(.ARM.Collect$$$$0000000F) for __rt_final_exit
    entry.o(.ARM.Collect$$$$00000000) refers (Special) to entry7b.o(.ARM.Collect$$$$00000008) for _main_clock
    entry.o(.ARM.Collect$$$$00000000) refers (Special) to entry8b.o(.ARM.Collect$$$$0000000A) for _main_cpp_init
    entry.o(.ARM.Collect$$$$00000000) refers (Special) to entry9a.o(.ARM.Collect$$$$0000000B) for _main_init
    entry.o(.ARM.Collect$$$$00000000) refers (Special) to entry5.o(.ARM.Collect$$$$00000004) for _main_scatterload
    entry.o(.ARM.Collect$$$$00000000) refers (Special) to entry2.o(.ARM.Collect$$$$00000001) for _main_stk
    fadd.o(.text) refers (Special) to iusefp.o(.text) for __I$use$fp
    fadd.o(.text) refers to fepilogue.o(.text) for _float_epilogue
    fmul.o(.text) refers (Special) to iusefp.o(.text) for __I$use$fp
    fdiv.o(.text) refers (Special) to iusefp.o(.text) for __I$use$fp
    fdiv.o(.text) refers to fepilogue.o(.text) for _float_round
    dadd.o(.text) refers (Special) to iusefp.o(.text) for __I$use$fp
    dadd.o(.text) refers to llshl.o(.text) for __aeabi_llsl
    dadd.o(.text) refers to llsshr.o(.text) for __aeabi_lasr
    dadd.o(.text) refers to depilogue.o(.text) for _double_epilogue
    dmul.o(.text) refers (Special) to iusefp.o(.text) for __I$use$fp
    dmul.o(.text) refers to depilogue.o(.text) for _double_epilogue
    ddiv.o(.text) refers (Special) to iusefp.o(.text) for __I$use$fp
    ddiv.o(.text) refers to depilogue.o(.text) for _double_round
    fflti.o(.text) refers (Special) to iusefp.o(.text) for __I$use$fp
    fflti.o(.text) refers to fepilogue.o(.text) for _float_epilogue
    dflti.o(.text) refers (Special) to iusefp.o(.text) for __I$use$fp
    dflti.o(.text) refers to depilogue.o(.text) for _double_epilogue
    dfltui.o(.text) refers (Special) to iusefp.o(.text) for __I$use$fp
    dfltui.o(.text) refers to depilogue.o(.text) for _double_epilogue
    ffixi.o(.text) refers (Special) to iusefp.o(.text) for __I$use$fp
    ffixui.o(.text) refers (Special) to iusefp.o(.text) for __I$use$fp
    dfixui.o(.text) refers (Special) to iusefp.o(.text) for __I$use$fp
    dfixui.o(.text) refers to llushr.o(.text) for __aeabi_llsr
    f2d.o(.text) refers (Special) to iusefp.o(.text) for __I$use$fp
    d2f.o(.text) refers (Special) to iusefp.o(.text) for __I$use$fp
    d2f.o(.text) refers to fepilogue.o(.text) for _float_round
    cfcmple.o(.text) refers (Special) to iusefp.o(.text) for __I$use$fp
    cfrcmple.o(.text) refers (Special) to iusefp.o(.text) for __I$use$fp
    cos_i.o(i.__kernel_cos) refers (Special) to iusefp.o(.text) for __I$use$fp
    cos_i.o(i.__kernel_cos) refers to dfixi.o(.text) for __aeabi_d2iz
    cos_i.o(i.__kernel_cos) refers to dmul.o(.text) for __aeabi_dmul
    cos_i.o(i.__kernel_cos) refers to poly.o(i.__kernel_poly) for __kernel_poly
    cos_i.o(i.__kernel_cos) refers to dadd.o(.text) for __aeabi_dsub
    cos_i.o(i.__kernel_cos) refers to dscalb.o(.text) for __ARM_scalbn
    cos_i.o(i.__kernel_cos) refers to cos_i.o(.constdata) for .constdata
    cos_i.o(.constdata) refers (Special) to iusefp.o(.text) for __I$use$fp
    dunder.o(i.__mathlib_dbl_divzero) refers to ddiv.o(.text) for __aeabi_ddiv
    dunder.o(i.__mathlib_dbl_infnan) refers to dscalb.o(.text) for __ARM_scalbn
    dunder.o(i.__mathlib_dbl_infnan2) refers to dadd.o(.text) for __aeabi_dadd
    dunder.o(i.__mathlib_dbl_invalid) refers to ddiv.o(.text) for __aeabi_ddiv
    dunder.o(i.__mathlib_dbl_overflow) refers to dscalb.o(.text) for __ARM_scalbn
    dunder.o(i.__mathlib_dbl_posinfnan) refers to dmul.o(.text) for __aeabi_dmul
    dunder.o(i.__mathlib_dbl_underflow) refers to dscalb.o(.text) for __ARM_scalbn
    fpclassify.o(i.__ARM_fpclassify) refers (Special) to iusefp.o(.text) for __I$use$fp
    poly.o(i.__kernel_poly) refers (Special) to iusefp.o(.text) for __I$use$fp
    poly.o(i.__kernel_poly) refers to dmul.o(.text) for __aeabi_dmul
    poly.o(i.__kernel_poly) refers to dadd.o(.text) for __aeabi_dadd
    qnan.o(.constdata) refers (Special) to iusefp.o(.text) for __I$use$fp
    rred.o(i.__ieee754_rem_pio2) refers (Special) to iusefp.o(.text) for __I$use$fp
    rred.o(i.__ieee754_rem_pio2) refers to dadd.o(.text) for __aeabi_dsub
    rred.o(i.__ieee754_rem_pio2) refers to dmul.o(.text) for __aeabi_dmul
    rred.o(i.__ieee754_rem_pio2) refers to dfixi.o(.text) for __aeabi_d2iz
    rred.o(i.__ieee754_rem_pio2) refers to dflti.o(.text) for __aeabi_i2d
    rred.o(i.__ieee754_rem_pio2) refers to dfltui.o(.text) for __aeabi_ui2d
    rred.o(i.__ieee754_rem_pio2) refers to dscalb.o(.text) for __ARM_scalbn
    rred.o(i.__ieee754_rem_pio2) refers to rred.o(.constdata) for .constdata
    rred.o(i.__use_accurate_range_reduction) refers (Special) to iusefp.o(.text) for __I$use$fp
    rred.o(.constdata) refers (Special) to iusefp.o(.text) for __I$use$fp
    sin_i.o(i.__kernel_sin) refers (Special) to iusefp.o(.text) for __I$use$fp
    sin_i.o(i.__kernel_sin) refers to fpclassify.o(i.__ARM_fpclassify) for __ARM_fpclassify
    sin_i.o(i.__kernel_sin) refers to dunder.o(i.__mathlib_dbl_underflow) for __mathlib_dbl_underflow
    sin_i.o(i.__kernel_sin) refers to dmul.o(.text) for __aeabi_dmul
    sin_i.o(i.__kernel_sin) refers to poly.o(i.__kernel_poly) for __kernel_poly
    sin_i.o(i.__kernel_sin) refers to dscalb.o(.text) for __ARM_scalbn
    sin_i.o(i.__kernel_sin) refers to dadd.o(.text) for __aeabi_dsub
    sin_i.o(i.__kernel_sin) refers to sin_i.o(.constdata) for .constdata
    sin_i.o(.constdata) refers (Special) to iusefp.o(.text) for __I$use$fp
    sin_i_x.o(i.____kernel_sin$lsc) refers (Special) to iusefp.o(.text) for __I$use$fp
    sin_i_x.o(i.____kernel_sin$lsc) refers to dmul.o(.text) for __aeabi_dmul
    sin_i_x.o(i.____kernel_sin$lsc) refers to poly.o(i.__kernel_poly) for __kernel_poly
    sin_i_x.o(i.____kernel_sin$lsc) refers to dscalb.o(.text) for __ARM_scalbn
    sin_i_x.o(i.____kernel_sin$lsc) refers to dadd.o(.text) for __aeabi_dsub
    sin_i_x.o(i.____kernel_sin$lsc) refers to sin_i_x.o(.constdata) for .constdata
    sin_i_x.o(.constdata) refers (Special) to iusefp.o(.text) for __I$use$fp
    entry2.o(.ARM.Collect$$$$00000001) refers to entry2.o(.ARM.Collect$$$$00002712) for __lit__00000000
    entry2.o(.ARM.Collect$$$$00002712) refers to startup_stm32f10x_md.o(STACK) for __initial_sp
    entry2.o(__vectab_stack_and_reset_area) refers to startup_stm32f10x_md.o(STACK) for __initial_sp
    entry2.o(__vectab_stack_and_reset_area) refers to entry.o(.ARM.Collect$$$$00000000) for __main
    entry5.o(.ARM.Collect$$$$00000004) refers to init.o(.text) for __scatterload
    entry9a.o(.ARM.Collect$$$$0000000B) refers to main.o(.text) for main
    entry9b.o(.ARM.Collect$$$$0000000C) refers to main.o(.text) for main
    errno.o(i.__aeabi_errno_addr) refers to errno.o(.data) for .data
    errno.o(i.__read_errno) refers to errno.o(.data) for .data
    errno.o(i.__set_errno) refers to errno.o(.data) for .data
    depilogue.o(.text) refers to llshl.o(.text) for __aeabi_llsl
    depilogue.o(.text) refers to llushr.o(.text) for __aeabi_llsr
    dsqrt.o(.text) refers to llushr.o(.text) for __aeabi_llsr
    dsqrt.o(.text) refers to depilogue.o(.text) for _double_round
    init.o(.text) refers to entry5.o(.ARM.Collect$$$$00000004) for __main_after_scatterload
    dfixi.o(.text) refers to llushr.o(.text) for __aeabi_llsr


==============================================================================

Removing Unused input sections from the image.

    Removing core_cm3.o(.emb_text), (32 bytes).
    Removing startup_stm32f10x_md.o(HEAP), (512 bytes).
    Removing ioi2c.o(.text), (872 bytes).
    Removing sys.o(.emb_text), (6 bytes).
    Removing sys.o(.text), (12 bytes).
    Removing key.o(.text), (236 bytes).
    Removing key.o(.data), (1 bytes).
    Removing 24l01.o(.text), (812 bytes).
    Removing 24l01.o(.constdata), (10 bytes).
    Removing spi.o(.text), (264 bytes).
    Removing stm32f10x_spi.o(.text), (780 bytes).
    Removing cdcmple.o(.text), (48 bytes).

12 unused section(s) (total 3585 bytes) removed from the image.

==============================================================================

Image Symbol Table

    Local Symbols

    Symbol Name                              Value     Ov Type        Size  Object(Section)

    ../clib/../cmprslib/zerorunl.c           0x00000000   Number         0  __dczerorl.o ABSOLUTE
    ../clib/microlib/errno.c                 0x00000000   Number         0  errno.o ABSOLUTE
    ../clib/microlib/init/entry.s            0x00000000   Number         0  entry10a.o ABSOLUTE
    ../clib/microlib/init/entry.s            0x00000000   Number         0  entry10b.o ABSOLUTE
    ../clib/microlib/init/entry.s            0x00000000   Number         0  entry.o ABSOLUTE
    ../clib/microlib/init/entry.s            0x00000000   Number         0  entry11b.o ABSOLUTE
    ../clib/microlib/init/entry.s            0x00000000   Number         0  entry8a.o ABSOLUTE
    ../clib/microlib/init/entry.s            0x00000000   Number         0  entry8b.o ABSOLUTE
    ../clib/microlib/init/entry.s            0x00000000   Number         0  entry7b.o ABSOLUTE
    ../clib/microlib/init/entry.s            0x00000000   Number         0  entry9a.o ABSOLUTE
    ../clib/microlib/init/entry.s            0x00000000   Number         0  entry7a.o ABSOLUTE
    ../clib/microlib/init/entry.s            0x00000000   Number         0  entry5.o ABSOLUTE
    ../clib/microlib/init/entry.s            0x00000000   Number         0  entry2.o ABSOLUTE
    ../clib/microlib/init/entry.s            0x00000000   Number         0  entry11a.o ABSOLUTE
    ../clib/microlib/init/entry.s            0x00000000   Number         0  entry9b.o ABSOLUTE
    ../clib/microlib/longlong.c              0x00000000   Number         0  llshl.o ABSOLUTE
    ../clib/microlib/longlong.c              0x00000000   Number         0  llsshr.o ABSOLUTE
    ../clib/microlib/longlong.c              0x00000000   Number         0  llushr.o ABSOLUTE
    ../clib/microlib/stubs.s                 0x00000000   Number         0  iusefp.o ABSOLUTE
    ../fplib/microlib/d2f.c                  0x00000000   Number         0  d2f.o ABSOLUTE
    ../fplib/microlib/f2d.c                  0x00000000   Number         0  f2d.o ABSOLUTE
    ../fplib/microlib/fpadd.c                0x00000000   Number         0  fadd.o ABSOLUTE
    ../fplib/microlib/fpadd.c                0x00000000   Number         0  dadd.o ABSOLUTE
    ../fplib/microlib/fpdiv.c                0x00000000   Number         0  ddiv.o ABSOLUTE
    ../fplib/microlib/fpdiv.c                0x00000000   Number         0  fdiv.o ABSOLUTE
    ../fplib/microlib/fpepilogue.c           0x00000000   Number         0  fepilogue.o ABSOLUTE
    ../fplib/microlib/fpepilogue.c           0x00000000   Number         0  depilogue.o ABSOLUTE
    ../fplib/microlib/fpfix.c                0x00000000   Number         0  ffixi.o ABSOLUTE
    ../fplib/microlib/fpfix.c                0x00000000   Number         0  dfixui.o ABSOLUTE
    ../fplib/microlib/fpfix.c                0x00000000   Number         0  ffixui.o ABSOLUTE
    ../fplib/microlib/fpfix.c                0x00000000   Number         0  dfixi.o ABSOLUTE
    ../fplib/microlib/fpflt.c                0x00000000   Number         0  dfltui.o ABSOLUTE
    ../fplib/microlib/fpflt.c                0x00000000   Number         0  fflti.o ABSOLUTE
    ../fplib/microlib/fpflt.c                0x00000000   Number         0  dflti.o ABSOLUTE
    ../fplib/microlib/fpmul.c                0x00000000   Number         0  fmul.o ABSOLUTE
    ../fplib/microlib/fpmul.c                0x00000000   Number         0  dmul.o ABSOLUTE
    ../fplib/microlib/fpscalb.c              0x00000000   Number         0  dscalb.o ABSOLUTE
    ../fplib/microlib/fpsqrt.c               0x00000000   Number         0  dsqrt.o ABSOLUTE
    ../mathlib/atan.c                        0x00000000   Number         0  atan_x.o ABSOLUTE
    ../mathlib/atan.c                        0x00000000   Number         0  atan.o ABSOLUTE
    ../mathlib/cos.c                         0x00000000   Number         0  cos_x.o ABSOLUTE
    ../mathlib/cos.c                         0x00000000   Number         0  cos.o ABSOLUTE
    ../mathlib/cos_i.c                       0x00000000   Number         0  cos_i.o ABSOLUTE
    ../mathlib/dunder.c                      0x00000000   Number         0  dunder.o ABSOLUTE
    ../mathlib/fpclassify.c                  0x00000000   Number         0  fpclassify.o ABSOLUTE
    ../mathlib/poly.c                        0x00000000   Number         0  poly.o ABSOLUTE
    ../mathlib/pow.c                         0x00000000   Number         0  pow.o ABSOLUTE
    ../mathlib/pow.c                         0x00000000   Number         0  pow_x.o ABSOLUTE
    ../mathlib/qnan.c                        0x00000000   Number         0  qnan.o ABSOLUTE
    ../mathlib/rred.c                        0x00000000   Number         0  rred.o ABSOLUTE
    ../mathlib/sin_i.c                       0x00000000   Number         0  sin_i_x.o ABSOLUTE
    ../mathlib/sin_i.c                       0x00000000   Number         0  sin_i.o ABSOLUTE
    ../mathlib/sqrt.c                        0x00000000   Number         0  sqrt_x.o ABSOLUTE
    ../mathlib/sqrt.c                        0x00000000   Number         0  sqrt.o ABSOLUTE
    HardWareDriver\ADC\adc.c                 0x00000000   Number         0  adc.o ABSOLUTE
    HardWareDriver\IOI2C.c                   0x00000000   Number         0  ioi2c.o ABSOLUTE
    HardWareDriver\KEY\key.c                 0x00000000   Number         0  key.o ABSOLUTE
    HardWareDriver\LED\led.c                 0x00000000   Number         0  led.o ABSOLUTE
    HardWareDriver\NRF24L01\24l01.c          0x00000000   Number         0  24l01.o ABSOLUTE
    HardWareDriver\SPI\spi.c                 0x00000000   Number         0  spi.o ABSOLUTE
    HardWareDriver\TIMER\timer.c             0x00000000   Number         0  timer.o ABSOLUTE
    HardWareDriver\TIME\time.c               0x00000000   Number         0  time.o ABSOLUTE
    HardWareDriver\UARTs\UARTs.c             0x00000000   Number         0  uarts.o ABSOLUTE
    HardWareDriver\\sys\\sys.c               0x00000000   Number         0  sys.o ABSOLUTE
    HardWareDriver\delay\delay.c             0x00000000   Number         0  delay.o ABSOLUTE
    HardWareDriver\delaysys\delaysys.c       0x00000000   Number         0  delaysys.o ABSOLUTE
    HardWareDriver\sys\sys.c                 0x00000000   Number         0  sys.o ABSOLUTE
    Lib\src\misc.c                           0x00000000   Number         0  misc.o ABSOLUTE
    Lib\src\stm32f10x_adc.c                  0x00000000   Number         0  stm32f10x_adc.o ABSOLUTE
    Lib\src\stm32f10x_gpio.c                 0x00000000   Number         0  stm32f10x_gpio.o ABSOLUTE
    Lib\src\stm32f10x_rcc.c                  0x00000000   Number         0  stm32f10x_rcc.o ABSOLUTE
    Lib\src\stm32f10x_spi.c                  0x00000000   Number         0  stm32f10x_spi.o ABSOLUTE
    Lib\src\stm32f10x_tim.c                  0x00000000   Number         0  stm32f10x_tim.o ABSOLUTE
    Lib\src\stm32f10x_usart.c                0x00000000   Number         0  stm32f10x_usart.o ABSOLUTE
    StartUp\\core_cm3.c                      0x00000000   Number         0  core_cm3.o ABSOLUTE
    StartUp\core_cm3.c                       0x00000000   Number         0  core_cm3.o ABSOLUTE
    StartUp\startup_stm32f10x_md.s           0x00000000   Number         0  startup_stm32f10x_md.o ABSOLUTE
    StartUp\system_stm32f10x.c               0x00000000   Number         0  system_stm32f10x.o ABSOLUTE
    User_Src\main.c                          0x00000000   Number         0  main.o ABSOLUTE
    User_Src\stm32f10x_it.c                  0x00000000   Number         0  stm32f10x_it.o ABSOLUTE
    cdcmple.s                                0x00000000   Number         0  cdcmple.o ABSOLUTE
    cdrcmple.s                               0x00000000   Number         0  cdrcmple.o ABSOLUTE
    cfcmple.s                                0x00000000   Number         0  cfcmple.o ABSOLUTE
    cfrcmple.s                               0x00000000   Number         0  cfrcmple.o ABSOLUTE
    dc.s                                     0x00000000   Number         0  dc.o ABSOLUTE
    handlers.s                               0x00000000   Number         0  handlers.o ABSOLUTE
    init.s                                   0x00000000   Number         0  init.o ABSOLUTE
    RESET                                    0x08000000   Section      236  startup_stm32f10x_md.o(RESET)
    .ARM.Collect$$$$00000000                 0x080000ec   Section        0  entry.o(.ARM.Collect$$$$00000000)
    .ARM.Collect$$$$00000001                 0x080000ec   Section        4  entry2.o(.ARM.Collect$$$$00000001)
    .ARM.Collect$$$$00000004                 0x080000f0   Section        4  entry5.o(.ARM.Collect$$$$00000004)
    .ARM.Collect$$$$00000008                 0x080000f4   Section        0  entry7b.o(.ARM.Collect$$$$00000008)
    .ARM.Collect$$$$0000000A                 0x080000f4   Section        0  entry8b.o(.ARM.Collect$$$$0000000A)
    .ARM.Collect$$$$0000000B                 0x080000f4   Section        8  entry9a.o(.ARM.Collect$$$$0000000B)
    .ARM.Collect$$$$0000000D                 0x080000fc   Section        0  entry10a.o(.ARM.Collect$$$$0000000D)
    .ARM.Collect$$$$0000000F                 0x080000fc   Section        0  entry11a.o(.ARM.Collect$$$$0000000F)
    .ARM.Collect$$$$00002712                 0x080000fc   Section        4  entry2.o(.ARM.Collect$$$$00002712)
    __lit__00000000                          0x080000fc   Data           4  entry2.o(.ARM.Collect$$$$00002712)
    .text                                    0x08000100   Section        0  system_stm32f10x.o(.text)
    SetSysClockTo72                          0x08000101   Thumb Code   214  system_stm32f10x.o(.text)
    SetSysClock                              0x080001d7   Thumb Code     8  system_stm32f10x.o(.text)
    .text                                    0x080002e0   Section       36  startup_stm32f10x_md.o(.text)
    .text                                    0x08000304   Section        0  uarts.o(.text)
    .text                                    0x080005d8   Section        0  timer.o(.text)
    .text                                    0x08000704   Section        0  led.o(.text)
    .text                                    0x080008b0   Section        0  delay.o(.text)
    .text                                    0x08000984   Section        0  delaysys.o(.text)
    .text                                    0x08000b70   Section        0  time.o(.text)
    .text                                    0x08000bd0   Section        0  adc.o(.text)
    .text                                    0x08000cb4   Section        0  main.o(.text)
    .text                                    0x08001e3c   Section        0  stm32f10x_it.o(.text)
    .text                                    0x08001e54   Section        0  misc.o(.text)
    .text                                    0x08001f30   Section        0  stm32f10x_gpio.o(.text)
    .text                                    0x0800228c   Section        0  stm32f10x_rcc.o(.text)
    .text                                    0x08002630   Section        0  stm32f10x_tim.o(.text)
    TI4_Config                               0x08002ad7   Thumb Code   130  stm32f10x_tim.o(.text)
    TI3_Config                               0x08002b6b   Thumb Code   122  stm32f10x_tim.o(.text)
    TI2_Config                               0x08002bff   Thumb Code   130  stm32f10x_tim.o(.text)
    TI1_Config                               0x08002c93   Thumb Code   108  stm32f10x_tim.o(.text)
    .text                                    0x0800344c   Section        0  stm32f10x_usart.o(.text)
    .text                                    0x08003854   Section        0  stm32f10x_adc.o(.text)
    .text                                    0x08003ca2   Section        0  fadd.o(.text)
    .text                                    0x08003d52   Section        0  fmul.o(.text)
    .text                                    0x08003db6   Section        0  fdiv.o(.text)
    .text                                    0x08003e32   Section        0  dadd.o(.text)
    .text                                    0x08003f80   Section        0  dmul.o(.text)
    .text                                    0x08004064   Section        0  ddiv.o(.text)
    .text                                    0x08004142   Section        0  fflti.o(.text)
    .text                                    0x08004154   Section        0  dflti.o(.text)
    .text                                    0x08004176   Section        0  dfltui.o(.text)
    .text                                    0x08004190   Section        0  ffixi.o(.text)
    .text                                    0x080041c2   Section        0  ffixui.o(.text)
    .text                                    0x080041ea   Section        0  dfixui.o(.text)
    .text                                    0x0800421c   Section        0  f2d.o(.text)
    .text                                    0x08004242   Section        0  d2f.o(.text)
    .text                                    0x0800427c   Section       20  cfcmple.o(.text)
    .text                                    0x08004290   Section       20  cfrcmple.o(.text)
    .text                                    0x080042a4   Section        0  llshl.o(.text)
    .text                                    0x080042c2   Section        0  llushr.o(.text)
    .text                                    0x080042e2   Section        0  llsshr.o(.text)
    .text                                    0x08004306   Section        0  fepilogue.o(.text)
    .text                                    0x08004306   Section        0  iusefp.o(.text)
    .text                                    0x08004374   Section        0  depilogue.o(.text)
    .text                                    0x0800442e   Section        0  dscalb.o(.text)
    .text                                    0x0800445c   Section        0  dsqrt.o(.text)
    .text                                    0x08004500   Section       48  cdrcmple.o(.text)
    .text                                    0x08004530   Section       36  init.o(.text)
    .text                                    0x08004554   Section        0  dfixi.o(.text)
    .text                                    0x08004592   Section        0  __dczerorl.o(.text)
    i.__ARM_fpclassify                       0x080045cc   Section        0  fpclassify.o(i.__ARM_fpclassify)
    i.__ieee754_rem_pio2                     0x080045f4   Section        0  rred.o(i.__ieee754_rem_pio2)
    i.__kernel_cos                           0x0800497c   Section        0  cos_i.o(i.__kernel_cos)
    i.__kernel_poly                          0x08004a78   Section        0  poly.o(i.__kernel_poly)
    i.__kernel_sin                           0x08004b24   Section        0  sin_i.o(i.__kernel_sin)
    i.__mathlib_dbl_divzero                  0x08004c10   Section        0  dunder.o(i.__mathlib_dbl_divzero)
    i.__mathlib_dbl_infnan                   0x08004c20   Section        0  dunder.o(i.__mathlib_dbl_infnan)
    i.__mathlib_dbl_infnan2                  0x08004c26   Section        0  dunder.o(i.__mathlib_dbl_infnan2)
    i.__mathlib_dbl_invalid                  0x08004c2a   Section        0  dunder.o(i.__mathlib_dbl_invalid)
    i.__mathlib_dbl_overflow                 0x08004c36   Section        0  dunder.o(i.__mathlib_dbl_overflow)
    i.__mathlib_dbl_underflow                0x08004c44   Section        0  dunder.o(i.__mathlib_dbl_underflow)
    i.__scatterload_copy                     0x08004c54   Section       14  handlers.o(i.__scatterload_copy)
    i.__scatterload_null                     0x08004c62   Section        2  handlers.o(i.__scatterload_null)
    i.__scatterload_zeroinit                 0x08004c64   Section       14  handlers.o(i.__scatterload_zeroinit)
    i.__set_errno                            0x08004c74   Section        0  errno.o(i.__set_errno)
    i.atan                                   0x08004c80   Section        0  atan.o(i.atan)
    i.cos                                    0x08004ea0   Section        0  cos.o(i.cos)
    i.pow                                    0x08004f3c   Section        0  pow.o(i.pow)
    i.sqrt                                   0x080058f4   Section        0  sqrt.o(i.sqrt)
    .constdata                               0x08005940   Section      152  atan.o(.constdata)
    atanhi                                   0x08005940   Data          32  atan.o(.constdata)
    atanlo                                   0x08005960   Data          32  atan.o(.constdata)
    aTodd                                    0x08005980   Data          40  atan.o(.constdata)
    aTeven                                   0x080059a8   Data          48  atan.o(.constdata)
    .constdata                               0x080059d8   Section      136  pow.o(.constdata)
    bp                                       0x080059d8   Data          16  pow.o(.constdata)
    dp_h                                     0x080059e8   Data          16  pow.o(.constdata)
    dp_l                                     0x080059f8   Data          16  pow.o(.constdata)
    L                                        0x08005a08   Data          48  pow.o(.constdata)
    P                                        0x08005a38   Data          40  pow.o(.constdata)
    .constdata                               0x08005a60   Section       48  cos_i.o(.constdata)
    C                                        0x08005a60   Data          48  cos_i.o(.constdata)
    .constdata                               0x08005a90   Section        8  qnan.o(.constdata)
    .constdata                               0x08005a98   Section      200  rred.o(.constdata)
    pio2s                                    0x08005a98   Data          48  rred.o(.constdata)
    twooverpi                                0x08005ac8   Data         152  rred.o(.constdata)
    .constdata                               0x08005b60   Section       40  sin_i.o(.constdata)
    S                                        0x08005b60   Data          40  sin_i.o(.constdata)
    .data                                    0x20000000   Section       20  system_stm32f10x.o(.data)
    .data                                    0x20000014   Section        5  uarts.o(.data)
    .data                                    0x2000001a   Section        4  delay.o(.data)
    fac_us                                   0x2000001a   Data           1  delay.o(.data)
    fac_ms                                   0x2000001c   Data           2  delay.o(.data)
    .data                                    0x2000001e   Section        6  delaysys.o(.data)
    fac_us                                   0x2000001e   Data           1  delaysys.o(.data)
    fac_ms                                   0x20000020   Data           2  delaysys.o(.data)
    .data                                    0x20000028   Section      337  main.o(.data)
    ucRxCnt                                  0x20000178   Data           1  main.o(.data)
    .data                                    0x20000179   Section       20  stm32f10x_rcc.o(.data)
    APBAHBPrescTable                         0x20000179   Data          16  stm32f10x_rcc.o(.data)
    ADCPrescTable                            0x20000189   Data           4  stm32f10x_rcc.o(.data)
    .data                                    0x20000190   Section        4  errno.o(.data)
    _errno                                   0x20000190   Data           4  errno.o(.data)
    .bss                                     0x20000194   Section      764  uarts.o(.bss)
    .bss                                     0x20000490   Section      466  main.o(.bss)
    ucRxBuffer                               0x20000568   Data         250  main.o(.bss)
    STACK                                    0x20000668   Section     1024  startup_stm32f10x_md.o(STACK)

    Global Symbols

    Symbol Name                              Value     Ov Type        Size  Object(Section)

    BuildAttributes$$THM_ISAv4$P$D$K$B$S$PE$A:L22UL41UL21$X:L11$S22US41US21$IEEE1$IW$USESV6$~STKCKD$USESV7$~SHL$OTIME$ROPI$IEEEX$EBA8$MICROLIB$REQ8$PRES8$EABIv2 0x00000000   Number         0  anon$$obj.o ABSOLUTE
    __ARM_use_no_argv                        0x00000000   Number         0  main.o ABSOLUTE
    __cpp_initialize__aeabi_                  - Undefined Weak Reference
    __cxa_finalize                            - Undefined Weak Reference
    _clock_init                               - Undefined Weak Reference
    _microlib_exit                            - Undefined Weak Reference
    __Vectors_Size                           0x000000ec   Number         0  startup_stm32f10x_md.o ABSOLUTE
    __Vectors                                0x08000000   Data           4  startup_stm32f10x_md.o(RESET)
    __Vectors_End                            0x080000ec   Data           0  startup_stm32f10x_md.o(RESET)
    __main                                   0x080000ed   Thumb Code     0  entry.o(.ARM.Collect$$$$00000000)
    _main_stk                                0x080000ed   Thumb Code     0  entry2.o(.ARM.Collect$$$$00000001)
    _main_scatterload                        0x080000f1   Thumb Code     0  entry5.o(.ARM.Collect$$$$00000004)
    __main_after_scatterload                 0x080000f5   Thumb Code     0  entry5.o(.ARM.Collect$$$$00000004)
    _main_clock                              0x080000f5   Thumb Code     0  entry7b.o(.ARM.Collect$$$$00000008)
    _main_cpp_init                           0x080000f5   Thumb Code     0  entry8b.o(.ARM.Collect$$$$0000000A)
    _main_init                               0x080000f5   Thumb Code     0  entry9a.o(.ARM.Collect$$$$0000000B)
    __rt_final_cpp                           0x080000fd   Thumb Code     0  entry10a.o(.ARM.Collect$$$$0000000D)
    __rt_final_exit                          0x080000fd   Thumb Code     0  entry11a.o(.ARM.Collect$$$$0000000F)
    SystemInit                               0x080001df   Thumb Code    78  system_stm32f10x.o(.text)
    SystemCoreClockUpdate                    0x0800022d   Thumb Code   142  system_stm32f10x.o(.text)
    Reset_Handler                            0x080002e1   Thumb Code     8  startup_stm32f10x_md.o(.text)
    ADC1_2_IRQHandler                        0x080002fb   Thumb Code     0  startup_stm32f10x_md.o(.text)
    CAN1_RX1_IRQHandler                      0x080002fb   Thumb Code     0  startup_stm32f10x_md.o(.text)
    CAN1_SCE_IRQHandler                      0x080002fb   Thumb Code     0  startup_stm32f10x_md.o(.text)
    DMA1_Channel1_IRQHandler                 0x080002fb   Thumb Code     0  startup_stm32f10x_md.o(.text)
    DMA1_Channel2_IRQHandler                 0x080002fb   Thumb Code     0  startup_stm32f10x_md.o(.text)
    DMA1_Channel3_IRQHandler                 0x080002fb   Thumb Code     0  startup_stm32f10x_md.o(.text)
    DMA1_Channel4_IRQHandler                 0x080002fb   Thumb Code     0  startup_stm32f10x_md.o(.text)
    DMA1_Channel5_IRQHandler                 0x080002fb   Thumb Code     0  startup_stm32f10x_md.o(.text)
    DMA1_Channel6_IRQHandler                 0x080002fb   Thumb Code     0  startup_stm32f10x_md.o(.text)
    DMA1_Channel7_IRQHandler                 0x080002fb   Thumb Code     0  startup_stm32f10x_md.o(.text)
    EXTI0_IRQHandler                         0x080002fb   Thumb Code     0  startup_stm32f10x_md.o(.text)
    EXTI15_10_IRQHandler                     0x080002fb   Thumb Code     0  startup_stm32f10x_md.o(.text)
    EXTI1_IRQHandler                         0x080002fb   Thumb Code     0  startup_stm32f10x_md.o(.text)
    EXTI2_IRQHandler                         0x080002fb   Thumb Code     0  startup_stm32f10x_md.o(.text)
    EXTI3_IRQHandler                         0x080002fb   Thumb Code     0  startup_stm32f10x_md.o(.text)
    EXTI4_IRQHandler                         0x080002fb   Thumb Code     0  startup_stm32f10x_md.o(.text)
    EXTI9_5_IRQHandler                       0x080002fb   Thumb Code     0  startup_stm32f10x_md.o(.text)
    FLASH_IRQHandler                         0x080002fb   Thumb Code     0  startup_stm32f10x_md.o(.text)
    I2C1_ER_IRQHandler                       0x080002fb   Thumb Code     0  startup_stm32f10x_md.o(.text)
    I2C1_EV_IRQHandler                       0x080002fb   Thumb Code     0  startup_stm32f10x_md.o(.text)
    I2C2_ER_IRQHandler                       0x080002fb   Thumb Code     0  startup_stm32f10x_md.o(.text)
    I2C2_EV_IRQHandler                       0x080002fb   Thumb Code     0  startup_stm32f10x_md.o(.text)
    PVD_IRQHandler                           0x080002fb   Thumb Code     0  startup_stm32f10x_md.o(.text)
    RCC_IRQHandler                           0x080002fb   Thumb Code     0  startup_stm32f10x_md.o(.text)
    RTCAlarm_IRQHandler                      0x080002fb   Thumb Code     0  startup_stm32f10x_md.o(.text)
    RTC_IRQHandler                           0x080002fb   Thumb Code     0  startup_stm32f10x_md.o(.text)
    SPI1_IRQHandler                          0x080002fb   Thumb Code     0  startup_stm32f10x_md.o(.text)
    SPI2_IRQHandler                          0x080002fb   Thumb Code     0  startup_stm32f10x_md.o(.text)
    TAMPER_IRQHandler                        0x080002fb   Thumb Code     0  startup_stm32f10x_md.o(.text)
    TIM1_BRK_IRQHandler                      0x080002fb   Thumb Code     0  startup_stm32f10x_md.o(.text)
    TIM1_CC_IRQHandler                       0x080002fb   Thumb Code     0  startup_stm32f10x_md.o(.text)
    TIM1_TRG_COM_IRQHandler                  0x080002fb   Thumb Code     0  startup_stm32f10x_md.o(.text)
    TIM1_UP_IRQHandler                       0x080002fb   Thumb Code     0  startup_stm32f10x_md.o(.text)
    TIM2_IRQHandler                          0x080002fb   Thumb Code     0  startup_stm32f10x_md.o(.text)
    TIM4_IRQHandler                          0x080002fb   Thumb Code     0  startup_stm32f10x_md.o(.text)
    USART3_IRQHandler                        0x080002fb   Thumb Code     0  startup_stm32f10x_md.o(.text)
    USBWakeUp_IRQHandler                     0x080002fb   Thumb Code     0  startup_stm32f10x_md.o(.text)
    USB_HP_CAN1_TX_IRQHandler                0x080002fb   Thumb Code     0  startup_stm32f10x_md.o(.text)
    USB_LP_CAN1_RX0_IRQHandler               0x080002fb   Thumb Code     0  startup_stm32f10x_md.o(.text)
    WWDG_IRQHandler                          0x080002fb   Thumb Code     0  startup_stm32f10x_md.o(.text)
    NVIC_Configuration                       0x08000305   Thumb Code    34  uarts.o(.text)
    Initial_UART1                            0x08000327   Thumb Code   148  uarts.o(.text)
    UART1_Put_Char                           0x080003bb   Thumb Code    56  uarts.o(.text)
    UART1_Put_String                         0x080003f3   Thumb Code    46  uarts.o(.text)
    USART1_IRQHandler                        0x08000421   Thumb Code   118  uarts.o(.text)
    U2NVIC_Configuration                     0x08000497   Thumb Code    34  uarts.o(.text)
    Initial_UART2                            0x080004b9   Thumb Code   142  uarts.o(.text)
    USART2_IRQHandler                        0x08000547   Thumb Code   104  uarts.o(.text)
    TIM4_PWM_Init                            0x080005d9   Thumb Code   290  timer.o(.text)
    LED_Init                                 0x08000705   Thumb Code   420  led.o(.text)
    delay_init1                              0x080008b1   Thumb Code    50  delay.o(.text)
    delay_us1                                0x080008e3   Thumb Code    72  delay.o(.text)
    delay_ms1                                0x0800092b   Thumb Code    72  delay.o(.text)
    SysTick_init                             0x08000985   Thumb Code   114  delaysys.o(.text)
    SysTick_Handler                          0x080009f7   Thumb Code    24  delaysys.o(.text)
    CheckSystemTick                          0x08000a0f   Thumb Code    20  delaysys.o(.text)
    delay_ms                                 0x08000a23   Thumb Code   158  delaysys.o(.text)
    delay_us                                 0x08000ac1   Thumb Code   158  delaysys.o(.text)
    TIM3_Int_Init                            0x08000b71   Thumb Code    90  time.o(.text)
    Adc_Init                                 0x08000bd1   Thumb Code   132  adc.o(.text)
    Get_Adc                                  0x08000c55   Thumb Code    46  adc.o(.text)
    Get_Adc_Average                          0x08000c83   Thumb Code    40  adc.o(.text)
    CopeSerialData                           0x08000cb5   Thumb Code   220  main.o(.text)
    wireless                                 0x08000d91   Thumb Code   234  main.o(.text)
    TIM3_IRQHandler                          0x08000e7b   Thumb Code   776  main.o(.text)
    The_actual_motor_pwm                     0x08001183   Thumb Code   260  main.o(.text)
    Fly_fly_left_and_right                   0x08001287   Thumb Code   108  main.o(.text)
    Up_and_down_control                      0x080012f3   Thumb Code   118  main.o(.text)
    wind_up_down                             0x08001369   Thumb Code   140  main.o(.text)
    airspeed                                 0x080013f5   Thumb Code    52  main.o(.text)
    main                                     0x08001429   Thumb Code   928  main.o(.text)
    fly_option                               0x080017c9   Thumb Code     2  main.o(.text)
    position                                 0x080017cb   Thumb Code  1338  main.o(.text)
    height                                   0x08001d05   Thumb Code   180  main.o(.text)
    NMI_Handler                              0x08001e3d   Thumb Code     2  stm32f10x_it.o(.text)
    HardFault_Handler                        0x08001e3f   Thumb Code     4  stm32f10x_it.o(.text)
    MemManage_Handler                        0x08001e43   Thumb Code     4  stm32f10x_it.o(.text)
    BusFault_Handler                         0x08001e47   Thumb Code     4  stm32f10x_it.o(.text)
    UsageFault_Handler                       0x08001e4b   Thumb Code     4  stm32f10x_it.o(.text)
    SVC_Handler                              0x08001e4f   Thumb Code     2  stm32f10x_it.o(.text)
    DebugMon_Handler                         0x08001e51   Thumb Code     2  stm32f10x_it.o(.text)
    PendSV_Handler                           0x08001e53   Thumb Code     2  stm32f10x_it.o(.text)
    NVIC_PriorityGroupConfig                 0x08001e55   Thumb Code    10  misc.o(.text)
    NVIC_Init                                0x08001e5f   Thumb Code   100  misc.o(.text)
    NVIC_SetVectorTable                      0x08001ec3   Thumb Code    14  misc.o(.text)
    NVIC_SystemLPConfig                      0x08001ed1   Thumb Code    34  misc.o(.text)
    SysTick_CLKSourceConfig                  0x08001ef3   Thumb Code    40  misc.o(.text)
    GPIO_DeInit                              0x08001f31   Thumb Code   172  stm32f10x_gpio.o(.text)
    GPIO_AFIODeInit                          0x08001fdd   Thumb Code    20  stm32f10x_gpio.o(.text)
    GPIO_Init                                0x08001ff1   Thumb Code   278  stm32f10x_gpio.o(.text)
    GPIO_StructInit                          0x08002107   Thumb Code    16  stm32f10x_gpio.o(.text)
    GPIO_ReadInputDataBit                    0x08002117   Thumb Code    18  stm32f10x_gpio.o(.text)
    GPIO_ReadInputData                       0x08002129   Thumb Code     8  stm32f10x_gpio.o(.text)
    GPIO_ReadOutputDataBit                   0x08002131   Thumb Code    18  stm32f10x_gpio.o(.text)
    GPIO_ReadOutputData                      0x08002143   Thumb Code     8  stm32f10x_gpio.o(.text)
    GPIO_SetBits                             0x0800214b   Thumb Code     4  stm32f10x_gpio.o(.text)
    GPIO_ResetBits                           0x0800214f   Thumb Code     4  stm32f10x_gpio.o(.text)
    GPIO_WriteBit                            0x08002153   Thumb Code    10  stm32f10x_gpio.o(.text)
    GPIO_Write                               0x0800215d   Thumb Code     4  stm32f10x_gpio.o(.text)
    GPIO_PinLockConfig                       0x08002161   Thumb Code    18  stm32f10x_gpio.o(.text)
    GPIO_EventOutputConfig                   0x08002173   Thumb Code    26  stm32f10x_gpio.o(.text)
    GPIO_EventOutputCmd                      0x0800218d   Thumb Code     6  stm32f10x_gpio.o(.text)
    GPIO_PinRemapConfig                      0x08002193   Thumb Code   138  stm32f10x_gpio.o(.text)
    GPIO_EXTILineConfig                      0x0800221d   Thumb Code    66  stm32f10x_gpio.o(.text)
    GPIO_ETH_MediaInterfaceConfig            0x0800225f   Thumb Code     8  stm32f10x_gpio.o(.text)
    RCC_DeInit                               0x0800228d   Thumb Code    64  stm32f10x_rcc.o(.text)
    RCC_HSEConfig                            0x080022cd   Thumb Code    70  stm32f10x_rcc.o(.text)
    RCC_GetFlagStatus                        0x08002313   Thumb Code    56  stm32f10x_rcc.o(.text)
    RCC_WaitForHSEStartUp                    0x0800234b   Thumb Code    56  stm32f10x_rcc.o(.text)
    RCC_AdjustHSICalibrationValue            0x08002383   Thumb Code    20  stm32f10x_rcc.o(.text)
    RCC_HSICmd                               0x08002397   Thumb Code     6  stm32f10x_rcc.o(.text)
    RCC_PLLConfig                            0x0800239d   Thumb Code    24  stm32f10x_rcc.o(.text)
    RCC_PLLCmd                               0x080023b5   Thumb Code     6  stm32f10x_rcc.o(.text)
    RCC_SYSCLKConfig                         0x080023bb   Thumb Code    18  stm32f10x_rcc.o(.text)
    RCC_GetSYSCLKSource                      0x080023cd   Thumb Code    10  stm32f10x_rcc.o(.text)
    RCC_HCLKConfig                           0x080023d7   Thumb Code    18  stm32f10x_rcc.o(.text)
    RCC_PCLK1Config                          0x080023e9   Thumb Code    18  stm32f10x_rcc.o(.text)
    RCC_PCLK2Config                          0x080023fb   Thumb Code    20  stm32f10x_rcc.o(.text)
    RCC_ITConfig                             0x0800240f   Thumb Code    26  stm32f10x_rcc.o(.text)
    RCC_USBCLKConfig                         0x08002429   Thumb Code     8  stm32f10x_rcc.o(.text)
    RCC_ADCCLKConfig                         0x08002431   Thumb Code    18  stm32f10x_rcc.o(.text)
    RCC_LSEConfig                            0x08002443   Thumb Code    50  stm32f10x_rcc.o(.text)
    RCC_LSICmd                               0x08002475   Thumb Code     6  stm32f10x_rcc.o(.text)
    RCC_RTCCLKConfig                         0x0800247b   Thumb Code    12  stm32f10x_rcc.o(.text)
    RCC_RTCCLKCmd                            0x08002487   Thumb Code     8  stm32f10x_rcc.o(.text)
    RCC_GetClocksFreq                        0x0800248f   Thumb Code   192  stm32f10x_rcc.o(.text)
    RCC_AHBPeriphClockCmd                    0x0800254f   Thumb Code    26  stm32f10x_rcc.o(.text)
    RCC_APB2PeriphClockCmd                   0x08002569   Thumb Code    26  stm32f10x_rcc.o(.text)
    RCC_APB1PeriphClockCmd                   0x08002583   Thumb Code    26  stm32f10x_rcc.o(.text)
    RCC_APB2PeriphResetCmd                   0x0800259d   Thumb Code    26  stm32f10x_rcc.o(.text)
    RCC_APB1PeriphResetCmd                   0x080025b7   Thumb Code    26  stm32f10x_rcc.o(.text)
    RCC_BackupResetCmd                       0x080025d1   Thumb Code     8  stm32f10x_rcc.o(.text)
    RCC_ClockSecuritySystemCmd               0x080025d9   Thumb Code     6  stm32f10x_rcc.o(.text)
    RCC_MCOConfig                            0x080025df   Thumb Code     6  stm32f10x_rcc.o(.text)
    RCC_ClearFlag                            0x080025e5   Thumb Code    14  stm32f10x_rcc.o(.text)
    RCC_GetITStatus                          0x080025f3   Thumb Code    20  stm32f10x_rcc.o(.text)
    RCC_ClearITPendingBit                    0x08002607   Thumb Code     6  stm32f10x_rcc.o(.text)
    TIM_DeInit                               0x08002631   Thumb Code   424  stm32f10x_tim.o(.text)
    TIM_TimeBaseInit                         0x080027d9   Thumb Code   122  stm32f10x_tim.o(.text)
    TIM_OC1Init                              0x08002853   Thumb Code   132  stm32f10x_tim.o(.text)
    TIM_OC2Init                              0x080028d7   Thumb Code   154  stm32f10x_tim.o(.text)
    TIM_OC3Init                              0x08002971   Thumb Code   150  stm32f10x_tim.o(.text)
    TIM_OC4Init                              0x08002a07   Thumb Code   182  stm32f10x_tim.o(.text)
    TIM_SetIC4Prescaler                      0x08002abd   Thumb Code    26  stm32f10x_tim.o(.text)
    TIM_SetIC3Prescaler                      0x08002b59   Thumb Code    18  stm32f10x_tim.o(.text)
    TIM_SetIC2Prescaler                      0x08002be5   Thumb Code    26  stm32f10x_tim.o(.text)
    TIM_SetIC1Prescaler                      0x08002c81   Thumb Code    18  stm32f10x_tim.o(.text)
    TIM_ICInit                               0x08002cff   Thumb Code   150  stm32f10x_tim.o(.text)
    TIM_PWMIConfig                           0x08002d95   Thumb Code   124  stm32f10x_tim.o(.text)
    TIM_BDTRConfig                           0x08002e11   Thumb Code    32  stm32f10x_tim.o(.text)
    TIM_TimeBaseStructInit                   0x08002e31   Thumb Code    18  stm32f10x_tim.o(.text)
    TIM_OCStructInit                         0x08002e43   Thumb Code    20  stm32f10x_tim.o(.text)
    TIM_ICStructInit                         0x08002e57   Thumb Code    18  stm32f10x_tim.o(.text)
    TIM_BDTRStructInit                       0x08002e69   Thumb Code    40  stm32f10x_tim.o(.text)
    TIM_Cmd                                  0x08002e91   Thumb Code    24  stm32f10x_tim.o(.text)
    TIM_CtrlPWMOutputs                       0x08002ea9   Thumb Code    30  stm32f10x_tim.o(.text)
    TIM_ITConfig                             0x08002ec7   Thumb Code    18  stm32f10x_tim.o(.text)
    TIM_GenerateEvent                        0x08002ed9   Thumb Code     4  stm32f10x_tim.o(.text)
    TIM_DMAConfig                            0x08002edd   Thumb Code    10  stm32f10x_tim.o(.text)
    TIM_DMACmd                               0x08002ee7   Thumb Code    18  stm32f10x_tim.o(.text)
    TIM_InternalClockConfig                  0x08002ef9   Thumb Code    12  stm32f10x_tim.o(.text)
    TIM_SelectInputTrigger                   0x08002f05   Thumb Code    18  stm32f10x_tim.o(.text)
    TIM_ITRxExternalClockConfig              0x08002f17   Thumb Code    24  stm32f10x_tim.o(.text)
    TIM_TIxExternalClockConfig               0x08002f2f   Thumb Code    62  stm32f10x_tim.o(.text)
    TIM_ETRConfig                            0x08002f6d   Thumb Code    28  stm32f10x_tim.o(.text)
    TIM_ETRClockMode1Config                  0x08002f89   Thumb Code    54  stm32f10x_tim.o(.text)
    TIM_ETRClockMode2Config                  0x08002fbf   Thumb Code    32  stm32f10x_tim.o(.text)
    TIM_PrescalerConfig                      0x08002fdf   Thumb Code     6  stm32f10x_tim.o(.text)
    TIM_CounterModeConfig                    0x08002fe5   Thumb Code    18  stm32f10x_tim.o(.text)
    TIM_EncoderInterfaceConfig               0x08002ff7   Thumb Code    66  stm32f10x_tim.o(.text)
    TIM_ForcedOC1Config                      0x08003039   Thumb Code    18  stm32f10x_tim.o(.text)
    TIM_ForcedOC2Config                      0x0800304b   Thumb Code    26  stm32f10x_tim.o(.text)
    TIM_ForcedOC3Config                      0x08003065   Thumb Code    18  stm32f10x_tim.o(.text)
    TIM_ForcedOC4Config                      0x08003077   Thumb Code    26  stm32f10x_tim.o(.text)
    TIM_ARRPreloadConfig                     0x08003091   Thumb Code    24  stm32f10x_tim.o(.text)
    TIM_SelectCOM                            0x080030a9   Thumb Code    24  stm32f10x_tim.o(.text)
    TIM_SelectCCDMA                          0x080030c1   Thumb Code    24  stm32f10x_tim.o(.text)
    TIM_CCPreloadControl                     0x080030d9   Thumb Code    24  stm32f10x_tim.o(.text)
    TIM_OC1PreloadConfig                     0x080030f1   Thumb Code    18  stm32f10x_tim.o(.text)
    TIM_OC2PreloadConfig                     0x08003103   Thumb Code    26  stm32f10x_tim.o(.text)
    TIM_OC3PreloadConfig                     0x0800311d   Thumb Code    18  stm32f10x_tim.o(.text)
    TIM_OC4PreloadConfig                     0x0800312f   Thumb Code    26  stm32f10x_tim.o(.text)
    TIM_OC1FastConfig                        0x08003149   Thumb Code    18  stm32f10x_tim.o(.text)
    TIM_OC2FastConfig                        0x0800315b   Thumb Code    26  stm32f10x_tim.o(.text)
    TIM_OC3FastConfig                        0x08003175   Thumb Code    18  stm32f10x_tim.o(.text)
    TIM_OC4FastConfig                        0x08003187   Thumb Code    26  stm32f10x_tim.o(.text)
    TIM_ClearOC1Ref                          0x080031a1   Thumb Code    18  stm32f10x_tim.o(.text)
    TIM_ClearOC2Ref                          0x080031b3   Thumb Code    24  stm32f10x_tim.o(.text)
    TIM_ClearOC3Ref                          0x080031cb   Thumb Code    18  stm32f10x_tim.o(.text)
    TIM_ClearOC4Ref                          0x080031dd   Thumb Code    24  stm32f10x_tim.o(.text)
    TIM_OC1PolarityConfig                    0x080031f5   Thumb Code    18  stm32f10x_tim.o(.text)
    TIM_OC1NPolarityConfig                   0x08003207   Thumb Code    18  stm32f10x_tim.o(.text)
    TIM_OC2PolarityConfig                    0x08003219   Thumb Code    26  stm32f10x_tim.o(.text)
    TIM_OC2NPolarityConfig                   0x08003233   Thumb Code    26  stm32f10x_tim.o(.text)
    TIM_OC3PolarityConfig                    0x0800324d   Thumb Code    26  stm32f10x_tim.o(.text)
    TIM_OC3NPolarityConfig                   0x08003267   Thumb Code    26  stm32f10x_tim.o(.text)
    TIM_OC4PolarityConfig                    0x08003281   Thumb Code    26  stm32f10x_tim.o(.text)
    TIM_CCxCmd                               0x0800329b   Thumb Code    30  stm32f10x_tim.o(.text)
    TIM_CCxNCmd                              0x080032b9   Thumb Code    30  stm32f10x_tim.o(.text)
    TIM_SelectOCxM                           0x080032d7   Thumb Code    82  stm32f10x_tim.o(.text)
    TIM_UpdateDisableConfig                  0x08003329   Thumb Code    24  stm32f10x_tim.o(.text)
    TIM_UpdateRequestConfig                  0x08003341   Thumb Code    24  stm32f10x_tim.o(.text)
    TIM_SelectHallSensor                     0x08003359   Thumb Code    24  stm32f10x_tim.o(.text)
    TIM_SelectOnePulseMode                   0x08003371   Thumb Code    18  stm32f10x_tim.o(.text)
    TIM_SelectOutputTrigger                  0x08003383   Thumb Code    18  stm32f10x_tim.o(.text)
    TIM_SelectSlaveMode                      0x08003395   Thumb Code    18  stm32f10x_tim.o(.text)
    TIM_SelectMasterSlaveMode                0x080033a7   Thumb Code    18  stm32f10x_tim.o(.text)
    TIM_SetCounter                           0x080033b9   Thumb Code     4  stm32f10x_tim.o(.text)
    TIM_SetAutoreload                        0x080033bd   Thumb Code     4  stm32f10x_tim.o(.text)
    TIM_SetCompare1                          0x080033c1   Thumb Code     4  stm32f10x_tim.o(.text)
    TIM_SetCompare2                          0x080033c5   Thumb Code     4  stm32f10x_tim.o(.text)
    TIM_SetCompare3                          0x080033c9   Thumb Code     4  stm32f10x_tim.o(.text)
    TIM_SetCompare4                          0x080033cd   Thumb Code     6  stm32f10x_tim.o(.text)
    TIM_SetClockDivision                     0x080033d3   Thumb Code    18  stm32f10x_tim.o(.text)
    TIM_GetCapture1                          0x080033e5   Thumb Code     6  stm32f10x_tim.o(.text)
    TIM_GetCapture2                          0x080033eb   Thumb Code     6  stm32f10x_tim.o(.text)
    TIM_GetCapture3                          0x080033f1   Thumb Code     6  stm32f10x_tim.o(.text)
    TIM_GetCapture4                          0x080033f7   Thumb Code     8  stm32f10x_tim.o(.text)
    TIM_GetCounter                           0x080033ff   Thumb Code     6  stm32f10x_tim.o(.text)
    TIM_GetPrescaler                         0x08003405   Thumb Code     6  stm32f10x_tim.o(.text)
    TIM_GetFlagStatus                        0x0800340b   Thumb Code    18  stm32f10x_tim.o(.text)
    TIM_ClearFlag                            0x0800341d   Thumb Code     6  stm32f10x_tim.o(.text)
    TIM_GetITStatus                          0x08003423   Thumb Code    34  stm32f10x_tim.o(.text)
    TIM_ClearITPendingBit                    0x08003445   Thumb Code     6  stm32f10x_tim.o(.text)
    USART_DeInit                             0x0800344d   Thumb Code   134  stm32f10x_usart.o(.text)
    USART_Init                               0x080034d3   Thumb Code   210  stm32f10x_usart.o(.text)
    USART_StructInit                         0x080035a5   Thumb Code    24  stm32f10x_usart.o(.text)
    USART_ClockInit                          0x080035bd   Thumb Code    34  stm32f10x_usart.o(.text)
    USART_ClockStructInit                    0x080035df   Thumb Code    12  stm32f10x_usart.o(.text)
    USART_Cmd                                0x080035eb   Thumb Code    24  stm32f10x_usart.o(.text)
    USART_ITConfig                           0x08003603   Thumb Code    74  stm32f10x_usart.o(.text)
    USART_DMACmd                             0x0800364d   Thumb Code    18  stm32f10x_usart.o(.text)
    USART_SetAddress                         0x0800365f   Thumb Code    18  stm32f10x_usart.o(.text)
    USART_WakeUpConfig                       0x08003671   Thumb Code    18  stm32f10x_usart.o(.text)
    USART_ReceiverWakeUpCmd                  0x08003683   Thumb Code    24  stm32f10x_usart.o(.text)
    USART_LINBreakDetectLengthConfig         0x0800369b   Thumb Code    18  stm32f10x_usart.o(.text)
    USART_LINCmd                             0x080036ad   Thumb Code    24  stm32f10x_usart.o(.text)
    USART_SendData                           0x080036c5   Thumb Code     8  stm32f10x_usart.o(.text)
    USART_ReceiveData                        0x080036cd   Thumb Code    10  stm32f10x_usart.o(.text)
    USART_SendBreak                          0x080036d7   Thumb Code    10  stm32f10x_usart.o(.text)
    USART_SetGuardTime                       0x080036e1   Thumb Code    16  stm32f10x_usart.o(.text)
    USART_SetPrescaler                       0x080036f1   Thumb Code    16  stm32f10x_usart.o(.text)
    USART_SmartCardCmd                       0x08003701   Thumb Code    24  stm32f10x_usart.o(.text)
    USART_SmartCardNACKCmd                   0x08003719   Thumb Code    24  stm32f10x_usart.o(.text)
    USART_HalfDuplexCmd                      0x08003731   Thumb Code    24  stm32f10x_usart.o(.text)
    USART_OverSampling8Cmd                   0x08003749   Thumb Code    22  stm32f10x_usart.o(.text)
    USART_OneBitMethodCmd                    0x0800375f   Thumb Code    24  stm32f10x_usart.o(.text)
    USART_IrDAConfig                         0x08003777   Thumb Code    18  stm32f10x_usart.o(.text)
    USART_IrDACmd                            0x08003789   Thumb Code    24  stm32f10x_usart.o(.text)
    USART_GetFlagStatus                      0x080037a1   Thumb Code    26  stm32f10x_usart.o(.text)
    USART_ClearFlag                          0x080037bb   Thumb Code    18  stm32f10x_usart.o(.text)
    USART_GetITStatus                        0x080037cd   Thumb Code    84  stm32f10x_usart.o(.text)
    USART_ClearITPendingBit                  0x08003821   Thumb Code    52  stm32f10x_usart.o(.text)
    ADC_DeInit                               0x08003855   Thumb Code    78  stm32f10x_adc.o(.text)
    ADC_Init                                 0x080038a3   Thumb Code    70  stm32f10x_adc.o(.text)
    ADC_StructInit                           0x080038e9   Thumb Code    18  stm32f10x_adc.o(.text)
    ADC_Cmd                                  0x080038fb   Thumb Code    22  stm32f10x_adc.o(.text)
    ADC_DMACmd                               0x08003911   Thumb Code    22  stm32f10x_adc.o(.text)
    ADC_ITConfig                             0x08003927   Thumb Code    24  stm32f10x_adc.o(.text)
    ADC_ResetCalibration                     0x0800393f   Thumb Code    10  stm32f10x_adc.o(.text)
    ADC_GetResetCalibrationStatus            0x08003949   Thumb Code    20  stm32f10x_adc.o(.text)
    ADC_StartCalibration                     0x0800395d   Thumb Code    10  stm32f10x_adc.o(.text)
    ADC_GetCalibrationStatus                 0x08003967   Thumb Code    20  stm32f10x_adc.o(.text)
    ADC_SoftwareStartConvCmd                 0x0800397b   Thumb Code    22  stm32f10x_adc.o(.text)
    ADC_GetSoftwareStartConvStatus           0x08003991   Thumb Code    20  stm32f10x_adc.o(.text)
    ADC_DiscModeChannelCountConfig           0x080039a5   Thumb Code    24  stm32f10x_adc.o(.text)
    ADC_DiscModeCmd                          0x080039bd   Thumb Code    22  stm32f10x_adc.o(.text)
    ADC_RegularChannelConfig                 0x080039d3   Thumb Code   184  stm32f10x_adc.o(.text)
    ADC_ExternalTrigConvCmd                  0x08003a8b   Thumb Code    22  stm32f10x_adc.o(.text)
    ADC_GetConversionValue                   0x08003aa1   Thumb Code     8  stm32f10x_adc.o(.text)
    ADC_GetDualModeConversionValue           0x08003aa9   Thumb Code     8  stm32f10x_adc.o(.text)
    ADC_AutoInjectedConvCmd                  0x08003ab1   Thumb Code    22  stm32f10x_adc.o(.text)
    ADC_InjectedDiscModeCmd                  0x08003ac7   Thumb Code    22  stm32f10x_adc.o(.text)
    ADC_ExternalTrigInjectedConvConfig       0x08003add   Thumb Code    16  stm32f10x_adc.o(.text)
    ADC_ExternalTrigInjectedConvCmd          0x08003aed   Thumb Code    22  stm32f10x_adc.o(.text)
    ADC_SoftwareStartInjectedConvCmd         0x08003b03   Thumb Code    22  stm32f10x_adc.o(.text)
    ADC_GetSoftwareStartInjectedConvCmdStatus 0x08003b19   Thumb Code    20  stm32f10x_adc.o(.text)
    ADC_InjectedChannelConfig                0x08003b2d   Thumb Code   130  stm32f10x_adc.o(.text)
    ADC_InjectedSequencerLengthConfig        0x08003baf   Thumb Code    24  stm32f10x_adc.o(.text)
    ADC_SetInjectedOffset                    0x08003bc7   Thumb Code    20  stm32f10x_adc.o(.text)
    ADC_GetInjectedConversionValue           0x08003bdb   Thumb Code    28  stm32f10x_adc.o(.text)
    ADC_AnalogWatchdogCmd                    0x08003bf7   Thumb Code    16  stm32f10x_adc.o(.text)
    ADC_AnalogWatchdogThresholdsConfig       0x08003c07   Thumb Code     6  stm32f10x_adc.o(.text)
    ADC_AnalogWatchdogSingleChannelConfig    0x08003c0d   Thumb Code    16  stm32f10x_adc.o(.text)
    ADC_TempSensorVrefintCmd                 0x08003c1d   Thumb Code    64  stm32f10x_adc.o(.text)
    ADC_GetFlagStatus                        0x08003c5d   Thumb Code    18  stm32f10x_adc.o(.text)
    ADC_ClearFlag                            0x08003c6f   Thumb Code     6  stm32f10x_adc.o(.text)
    ADC_GetITStatus                          0x08003c75   Thumb Code    36  stm32f10x_adc.o(.text)
    ADC_ClearITPendingBit                    0x08003c99   Thumb Code    10  stm32f10x_adc.o(.text)
    __aeabi_fadd                             0x08003ca3   Thumb Code   164  fadd.o(.text)
    __aeabi_fsub                             0x08003d47   Thumb Code     6  fadd.o(.text)
    __aeabi_frsub                            0x08003d4d   Thumb Code     6  fadd.o(.text)
    __aeabi_fmul                             0x08003d53   Thumb Code   100  fmul.o(.text)
    __aeabi_fdiv                             0x08003db7   Thumb Code   124  fdiv.o(.text)
    __aeabi_dadd                             0x08003e33   Thumb Code   322  dadd.o(.text)
    __aeabi_dsub                             0x08003f75   Thumb Code     6  dadd.o(.text)
    __aeabi_drsub                            0x08003f7b   Thumb Code     6  dadd.o(.text)
    __aeabi_dmul                             0x08003f81   Thumb Code   228  dmul.o(.text)
    __aeabi_ddiv                             0x08004065   Thumb Code   222  ddiv.o(.text)
    __aeabi_i2f                              0x08004143   Thumb Code    18  fflti.o(.text)
    __aeabi_i2d                              0x08004155   Thumb Code    34  dflti.o(.text)
    __aeabi_ui2d                             0x08004177   Thumb Code    26  dfltui.o(.text)
    __aeabi_f2iz                             0x08004191   Thumb Code    50  ffixi.o(.text)
    __aeabi_f2uiz                            0x080041c3   Thumb Code    40  ffixui.o(.text)
    __aeabi_d2uiz                            0x080041eb   Thumb Code    50  dfixui.o(.text)
    __aeabi_f2d                              0x0800421d   Thumb Code    38  f2d.o(.text)
    __aeabi_d2f                              0x08004243   Thumb Code    56  d2f.o(.text)
    __aeabi_cfcmpeq                          0x0800427d   Thumb Code     0  cfcmple.o(.text)
    __aeabi_cfcmple                          0x0800427d   Thumb Code    20  cfcmple.o(.text)
    __aeabi_cfrcmple                         0x08004291   Thumb Code    20  cfrcmple.o(.text)
    __aeabi_llsl                             0x080042a5   Thumb Code    30  llshl.o(.text)
    _ll_shift_l                              0x080042a5   Thumb Code     0  llshl.o(.text)
    __aeabi_llsr                             0x080042c3   Thumb Code    32  llushr.o(.text)
    _ll_ushift_r                             0x080042c3   Thumb Code     0  llushr.o(.text)
    __aeabi_lasr                             0x080042e3   Thumb Code    36  llsshr.o(.text)
    _ll_sshift_r                             0x080042e3   Thumb Code     0  llsshr.o(.text)
    __I$use$fp                               0x08004307   Thumb Code     0  iusefp.o(.text)
    _float_round                             0x08004307   Thumb Code    18  fepilogue.o(.text)
    _float_epilogue                          0x08004319   Thumb Code    92  fepilogue.o(.text)
    _double_round                            0x08004375   Thumb Code    30  depilogue.o(.text)
    _double_epilogue                         0x08004393   Thumb Code   156  depilogue.o(.text)
    __ARM_scalbn                             0x0800442f   Thumb Code    46  dscalb.o(.text)
    scalbn                                   0x0800442f   Thumb Code     0  dscalb.o(.text)
    _dsqrt                                   0x0800445d   Thumb Code   162  dsqrt.o(.text)
    __aeabi_cdrcmple                         0x08004501   Thumb Code    48  cdrcmple.o(.text)
    __scatterload                            0x08004531   Thumb Code    28  init.o(.text)
    __scatterload_rt2                        0x08004531   Thumb Code     0  init.o(.text)
    __aeabi_d2iz                             0x08004555   Thumb Code    62  dfixi.o(.text)
    __decompress                             0x08004593   Thumb Code     0  __dczerorl.o(.text)
    __decompress0                            0x08004593   Thumb Code    58  __dczerorl.o(.text)
    __ARM_fpclassify                         0x080045cd   Thumb Code    40  fpclassify.o(i.__ARM_fpclassify)
    __ieee754_rem_pio2                       0x080045f5   Thumb Code   828  rred.o(i.__ieee754_rem_pio2)
    __kernel_cos                             0x0800497d   Thumb Code   230  cos_i.o(i.__kernel_cos)
    __kernel_poly                            0x08004a79   Thumb Code   170  poly.o(i.__kernel_poly)
    __kernel_sin                             0x08004b25   Thumb Code   224  sin_i.o(i.__kernel_sin)
    __mathlib_dbl_divzero                    0x08004c11   Thumb Code    12  dunder.o(i.__mathlib_dbl_divzero)
    __mathlib_dbl_infnan                     0x08004c21   Thumb Code     6  dunder.o(i.__mathlib_dbl_infnan)
    __mathlib_dbl_infnan2                    0x08004c27   Thumb Code     4  dunder.o(i.__mathlib_dbl_infnan2)
    __mathlib_dbl_invalid                    0x08004c2b   Thumb Code    12  dunder.o(i.__mathlib_dbl_invalid)
    __mathlib_dbl_overflow                   0x08004c37   Thumb Code    14  dunder.o(i.__mathlib_dbl_overflow)
    __mathlib_dbl_underflow                  0x08004c45   Thumb Code    10  dunder.o(i.__mathlib_dbl_underflow)
    __scatterload_copy                       0x08004c55   Thumb Code    14  handlers.o(i.__scatterload_copy)
    __scatterload_null                       0x08004c63   Thumb Code     2  handlers.o(i.__scatterload_null)
    __scatterload_zeroinit                   0x08004c65   Thumb Code    14  handlers.o(i.__scatterload_zeroinit)
    __set_errno                              0x08004c75   Thumb Code     6  errno.o(i.__set_errno)
    atan                                     0x08004c81   Thumb Code   474  atan.o(i.atan)
    cos                                      0x08004ea1   Thumb Code   148  cos.o(i.cos)
    pow                                      0x08004f3d   Thumb Code  2478  pow.o(i.pow)
    sqrt                                     0x080058f5   Thumb Code    76  sqrt.o(i.sqrt)
    __mathlib_zero                           0x08005a90   Data           8  qnan.o(.constdata)
    Region$$Table$$Base                      0x08005b88   Number         0  anon$$obj.o(Region$$Table)
    Region$$Table$$Limit                     0x08005ba8   Number         0  anon$$obj.o(Region$$Table)
    SystemCoreClock                          0x20000000   Data           4  system_stm32f10x.o(.data)
    AHBPrescTable                            0x20000004   Data          16  system_stm32f10x.o(.data)
    TxCounter                                0x20000014   Data           1  uarts.o(.data)
    count                                    0x20000015   Data           1  uarts.o(.data)
    U2TxCounter                              0x20000016   Data           1  uarts.o(.data)
    U2count                                  0x20000017   Data           1  uarts.o(.data)
    RC_Flag                                  0x20000018   Data           1  uarts.o(.data)
    ucTimeFlag                               0x20000022   Data           1  delaysys.o(.data)
    ucDelayFlag                              0x20000023   Data           1  delaysys.o(.data)
    stcTime                                  0x20000028   Data           8  main.o(.data)
    stcAcc                                   0x20000030   Data           8  main.o(.data)
    stcGyro                                  0x20000038   Data           8  main.o(.data)
    stcAngle                                 0x20000040   Data           8  main.o(.data)
    stcMag                                   0x20000048   Data           8  main.o(.data)
    stcDStatus                               0x20000050   Data           8  main.o(.data)
    stcPress                                 0x20000058   Data           8  main.o(.data)
    stcLonLat                                0x20000060   Data           8  main.o(.data)
    stcGPSV                                  0x20000068   Data           8  main.o(.data)
    X                                        0x20000070   Data           4  main.o(.data)
    Y                                        0x20000074   Data           4  main.o(.data)
    Z                                        0x20000078   Data           4  main.o(.data)
    count1                                   0x2000007c   Data           4  main.o(.data)
    dir                                      0x20000080   Data           4  main.o(.data)
    pcount                                   0x20000084   Data           4  main.o(.data)
    tcount                                   0x20000088   Data           4  main.o(.data)
    zcount                                   0x2000008c   Data           4  main.o(.data)
    counter                                  0x20000090   Data           4  main.o(.data)
    adkey                                    0x20000094   Data           4  main.o(.data)
    real_ad                                  0x20000098   Data           4  main.o(.data)
    t                                        0x2000009c   Data           4  main.o(.data)
    acX                                      0x200000a0   Data           4  main.o(.data)
    acZ                                      0x200000a4   Data           4  main.o(.data)
    accx                                     0x200000a8   Data           8  main.o(.data)
    accz                                     0x200000b0   Data           8  main.o(.data)
    offset                                   0x200000b8   Data           4  main.o(.data)
    h                                        0x200000bc   Data           4  main.o(.data)
    d                                        0x200000c0   Data           4  main.o(.data)
    clat                                     0x200000c4   Data           4  main.o(.data)
    clon                                     0x200000c8   Data           4  main.o(.data)
    p                                        0x200000cc   Data           4  main.o(.data)
    temlon                                   0x200000d0   Data           8  main.o(.data)
    temlat                                   0x200000d8   Data           8  main.o(.data)
    course                                   0x200000e0   Data           4  main.o(.data)
    xsum                                     0x200000e4   Data           4  main.o(.data)
    ysum                                     0x200000e8   Data           4  main.o(.data)
    zsum                                     0x200000ec   Data           4  main.o(.data)
    accxsum                                  0x200000f0   Data           4  main.o(.data)
    acczsum                                  0x200000f4   Data           4  main.o(.data)
    dx                                       0x200000f8   Data           4  main.o(.data)
    dz                                       0x200000fc   Data           4  main.o(.data)
    w                                        0x20000100   Data           4  main.o(.data)
    b                                        0x20000104   Data           4  main.o(.data)
    x_rudder                                 0x20000108   Data           4  main.o(.data)
    y_rudder                                 0x2000010c   Data           4  main.o(.data)
    nose_down                                0x20000110   Data           4  main.o(.data)
    lontitude                                0x20000114   Data           4  main.o(.data)
    latitude                                 0x20000118   Data           4  main.o(.data)
    lontitude_home                           0x2000011c   Data           4  main.o(.data)
    latitude_home                            0x20000120   Data           4  main.o(.data)
    dlontitude                               0x20000124   Data           4  main.o(.data)
    dlatitude                                0x20000128   Data           4  main.o(.data)
    Right_rudder_stand_point                 0x2000012c   Data           2  main.o(.data)
    Left_rudder_stand_point                  0x2000012e   Data           2  main.o(.data)
    Right_rudder_uppermost_sheet             0x20000130   Data           2  main.o(.data)
    Left_rudder_uppermost_sheet              0x20000132   Data           2  main.o(.data)
    Right_rudder_lowermost_sheet             0x20000134   Data           2  main.o(.data)
    Left_rudder_lowermost_sheet              0x20000136   Data           2  main.o(.data)
    ad_data                                  0x20000138   Data           2  main.o(.data)
    Right_rudder_actual_value                0x2000013a   Data           2  main.o(.data)
    Left_rudder_actual_value                 0x2000013c   Data           2  main.o(.data)
    wind_open                                0x2000013e   Data           2  main.o(.data)
    wind_close                               0x20000140   Data           2  main.o(.data)
    hook_open                                0x20000142   Data           2  main.o(.data)
    hook_close                               0x20000144   Data           2  main.o(.data)
    hook_actual                              0x20000146   Data           2  main.o(.data)
    wind_actual                              0x20000148   Data           2  main.o(.data)
    Moment_right_rudder                      0x2000014c   Data           4  main.o(.data)
    Left_rudder_moment                       0x20000150   Data           4  main.o(.data)
    Moment_right_rudder1                     0x20000154   Data           4  main.o(.data)
    Left_rudder_moment1                      0x20000158   Data           4  main.o(.data)
    azimuth                                  0x20000160   Data           8  main.o(.data)
    RU_difference                            0x20000168   Data           4  main.o(.data)
    RD_difference                            0x2000016c   Data           4  main.o(.data)
    LU_difference                            0x20000170   Data           4  main.o(.data)
    LD_difference                            0x20000174   Data           4  main.o(.data)
    TxBuffer                                 0x20000194   Data         256  uarts.o(.bss)
    chrTemp                                  0x20000294   Data         250  uarts.o(.bss)
    U2TxBuffer                               0x2000038e   Data         258  uarts.o(.bss)
    tempad                                   0x20000490   Data          16  main.o(.bss)
    x_angle                                  0x200004a0   Data          20  main.o(.bss)
    y_angle                                  0x200004b4   Data          20  main.o(.bss)
    z_angle                                  0x200004c8   Data          20  main.o(.bss)
    x_acc                                    0x200004dc   Data          20  main.o(.bss)
    z_acc                                    0x200004f0   Data          20  main.o(.bss)
    str                                      0x20000504   Data         100  main.o(.bss)
    __initial_sp                             0x20000a68   Data           0  startup_stm32f10x_md.o(STACK)



==============================================================================

Memory Map of the image

  Image Entry point : 0x080002e1

  Load Region LR_1 (Base: 0x08000000, Size: 0x00005d3c, Max: 0xffffffff, ABSOLUTE, COMPRESSED[0x00005bd8])

    Execution Region ER_RO (Base: 0x08000000, Size: 0x00005ba8, Max: 0xffffffff, ABSOLUTE)

    Base Addr    Size         Type   Attr      Idx    E Section Name        Object

    0x08000000   0x000000ec   Data   RO           86    RESET               startup_stm32f10x_md.o
    0x080000ec   0x00000000   Code   RO          514  * .ARM.Collect$$$$00000000  mc_w.l(entry.o)
    0x080000ec   0x00000004   Code   RO          582    .ARM.Collect$$$$00000001  mc_w.l(entry2.o)
    0x080000f0   0x00000004   Code   RO          585    .ARM.Collect$$$$00000004  mc_w.l(entry5.o)
    0x080000f4   0x00000000   Code   RO          587    .ARM.Collect$$$$00000008  mc_w.l(entry7b.o)
    0x080000f4   0x00000000   Code   RO          589    .ARM.Collect$$$$0000000A  mc_w.l(entry8b.o)
    0x080000f4   0x00000008   Code   RO          590    .ARM.Collect$$$$0000000B  mc_w.l(entry9a.o)
    0x080000fc   0x00000000   Code   RO          592    .ARM.Collect$$$$0000000D  mc_w.l(entry10a.o)
    0x080000fc   0x00000000   Code   RO          594    .ARM.Collect$$$$0000000F  mc_w.l(entry11a.o)
    0x080000fc   0x00000004   Code   RO          583    .ARM.Collect$$$$00002712  mc_w.l(entry2.o)
    0x08000100   0x000001e0   Code   RO           17    .text               system_stm32f10x.o
    0x080002e0   0x00000024   Code   RO           87  * .text               startup_stm32f10x_md.o
    0x08000304   0x000002d4   Code   RO          135    .text               uarts.o
    0x080005d8   0x0000012c   Code   RO          161    .text               timer.o
    0x08000704   0x000001ac   Code   RO          214    .text               led.o
    0x080008b0   0x000000d4   Code   RO          229    .text               delay.o
    0x08000984   0x000001ec   Code   RO          246    .text               delaysys.o
    0x08000b70   0x00000060   Code   RO          264    .text               time.o
    0x08000bd0   0x000000e4   Code   RO          315    .text               adc.o
    0x08000cb4   0x00001188   Code   RO          330    .text               main.o
    0x08001e3c   0x00000018   Code   RO          377    .text               stm32f10x_it.o
    0x08001e54   0x000000dc   Code   RO          392    .text               misc.o
    0x08001f30   0x0000035c   Code   RO          404    .text               stm32f10x_gpio.o
    0x0800228c   0x000003a4   Code   RO          416    .text               stm32f10x_rcc.o
    0x08002630   0x00000e1a   Code   RO          430    .text               stm32f10x_tim.o
    0x0800344a   0x00000002   PAD
    0x0800344c   0x00000408   Code   RO          442    .text               stm32f10x_usart.o
    0x08003854   0x0000044e   Code   RO          466    .text               stm32f10x_adc.o
    0x08003ca2   0x000000b0   Code   RO          517    .text               mf_w.l(fadd.o)
    0x08003d52   0x00000064   Code   RO          519    .text               mf_w.l(fmul.o)
    0x08003db6   0x0000007c   Code   RO          521    .text               mf_w.l(fdiv.o)
    0x08003e32   0x0000014e   Code   RO          523    .text               mf_w.l(dadd.o)
    0x08003f80   0x000000e4   Code   RO          525    .text               mf_w.l(dmul.o)
    0x08004064   0x000000de   Code   RO          527    .text               mf_w.l(ddiv.o)
    0x08004142   0x00000012   Code   RO          529    .text               mf_w.l(fflti.o)
    0x08004154   0x00000022   Code   RO          531    .text               mf_w.l(dflti.o)
    0x08004176   0x0000001a   Code   RO          533    .text               mf_w.l(dfltui.o)
    0x08004190   0x00000032   Code   RO          535    .text               mf_w.l(ffixi.o)
    0x080041c2   0x00000028   Code   RO          537    .text               mf_w.l(ffixui.o)
    0x080041ea   0x00000032   Code   RO          539    .text               mf_w.l(dfixui.o)
    0x0800421c   0x00000026   Code   RO          541    .text               mf_w.l(f2d.o)
    0x08004242   0x00000038   Code   RO          543    .text               mf_w.l(d2f.o)
    0x0800427a   0x00000002   PAD
    0x0800427c   0x00000014   Code   RO          545    .text               mf_w.l(cfcmple.o)
    0x08004290   0x00000014   Code   RO          547    .text               mf_w.l(cfrcmple.o)
    0x080042a4   0x0000001e   Code   RO          596    .text               mc_w.l(llshl.o)
    0x080042c2   0x00000020   Code   RO          598    .text               mc_w.l(llushr.o)
    0x080042e2   0x00000024   Code   RO          600    .text               mc_w.l(llsshr.o)
    0x08004306   0x00000000   Code   RO          609    .text               mc_w.l(iusefp.o)
    0x08004306   0x0000006e   Code   RO          610    .text               mf_w.l(fepilogue.o)
    0x08004374   0x000000ba   Code   RO          612    .text               mf_w.l(depilogue.o)
    0x0800442e   0x0000002e   Code   RO          614    .text               mf_w.l(dscalb.o)
    0x0800445c   0x000000a2   Code   RO          616    .text               mf_w.l(dsqrt.o)
    0x080044fe   0x00000002   PAD
    0x08004500   0x00000030   Code   RO          620    .text               mf_w.l(cdrcmple.o)
    0x08004530   0x00000024   Code   RO          622    .text               mc_w.l(init.o)
    0x08004554   0x0000003e   Code   RO          624    .text               mf_w.l(dfixi.o)
    0x08004592   0x0000003a   Code   RO          634    .text               mc_w.l(__dczerorl.o)
    0x080045cc   0x00000028   Code   RO          566    i.__ARM_fpclassify  m_ws.l(fpclassify.o)
    0x080045f4   0x00000388   Code   RO          571    i.__ieee754_rem_pio2  m_ws.l(rred.o)
    0x0800497c   0x000000fc   Code   RO          549    i.__kernel_cos      m_ws.l(cos_i.o)
    0x08004a78   0x000000aa   Code   RO          568    i.__kernel_poly     m_ws.l(poly.o)
    0x08004b22   0x00000002   PAD
    0x08004b24   0x000000ec   Code   RO          576    i.__kernel_sin      m_ws.l(sin_i.o)
    0x08004c10   0x00000010   Code   RO          552    i.__mathlib_dbl_divzero  m_ws.l(dunder.o)
    0x08004c20   0x00000006   Code   RO          553    i.__mathlib_dbl_infnan  m_ws.l(dunder.o)
    0x08004c26   0x00000004   Code   RO          554    i.__mathlib_dbl_infnan2  m_ws.l(dunder.o)
    0x08004c2a   0x0000000c   Code   RO          555    i.__mathlib_dbl_invalid  m_ws.l(dunder.o)
    0x08004c36   0x0000000e   Code   RO          556    i.__mathlib_dbl_overflow  m_ws.l(dunder.o)
    0x08004c44   0x00000010   Code   RO          558    i.__mathlib_dbl_underflow  m_ws.l(dunder.o)
    0x08004c54   0x0000000e   Code   RO          628    i.__scatterload_copy  mc_w.l(handlers.o)
    0x08004c62   0x00000002   Code   RO          629    i.__scatterload_null  mc_w.l(handlers.o)
    0x08004c64   0x0000000e   Code   RO          630    i.__scatterload_zeroinit  mc_w.l(handlers.o)
    0x08004c72   0x00000002   PAD
    0x08004c74   0x0000000c   Code   RO          604    i.__set_errno       mc_w.l(errno.o)
    0x08004c80   0x00000220   Code   RO          479    i.atan              m_ws.l(atan.o)
    0x08004ea0   0x0000009c   Code   RO          489    i.cos               m_ws.l(cos.o)
    0x08004f3c   0x000009b8   Code   RO          497    i.pow               m_ws.l(pow.o)
    0x080058f4   0x0000004c   Code   RO          507    i.sqrt              m_ws.l(sqrt.o)
    0x08005940   0x00000098   Data   RO          480    .constdata          m_ws.l(atan.o)
    0x080059d8   0x00000088   Data   RO          498    .constdata          m_ws.l(pow.o)
    0x08005a60   0x00000030   Data   RO          550    .constdata          m_ws.l(cos_i.o)
    0x08005a90   0x00000008   Data   RO          570    .constdata          m_ws.l(qnan.o)
    0x08005a98   0x000000c8   Data   RO          573    .constdata          m_ws.l(rred.o)
    0x08005b60   0x00000028   Data   RO          577    .constdata          m_ws.l(sin_i.o)
    0x08005b88   0x00000020   Data   RO          626    Region$$Table       anon$$obj.o


    Execution Region ER_RW (Base: 0x20000000, Size: 0x00000194, Max: 0xffffffff, ABSOLUTE, COMPRESSED[0x00000030])

    Base Addr    Size         Type   Attr      Idx    E Section Name        Object

    0x20000000   0x00000014   Data   RW           18    .data               system_stm32f10x.o
    0x20000014   0x00000005   Data   RW          137    .data               uarts.o
    0x20000019   0x00000001   PAD
    0x2000001a   0x00000004   Data   RW          230    .data               delay.o
    0x2000001e   0x00000006   Data   RW          247    .data               delaysys.o
    0x20000024   0x00000004   PAD
    0x20000028   0x00000151   Data   RW          332    .data               main.o
    0x20000179   0x00000014   Data   RW          417    .data               stm32f10x_rcc.o
    0x2000018d   0x00000003   PAD
    0x20000190   0x00000004   Data   RW          605    .data               mc_w.l(errno.o)


    Execution Region ER_ZI (Base: 0x20000194, Size: 0x000008d4, Max: 0xffffffff, ABSOLUTE)

    Base Addr    Size         Type   Attr      Idx    E Section Name        Object

    0x20000194   0x000002fc   Zero   RW          136    .bss                uarts.o
    0x20000490   0x000001d2   Zero   RW          331    .bss                main.o
    0x20000662   0x00000006   PAD
    0x20000668   0x00000400   Zero   RW           84    STACK               startup_stm32f10x_md.o


==============================================================================

Image component sizes


      Code (inc. data)   RO Data    RW Data    ZI Data      Debug   Object Name

       228         10          0          0          0       1051   adc.o
         0          0          0          0          0       4536   core_cm3.o
       212         18          0          4          0       1002   delay.o
       492         18          0          6          0       1966   delaysys.o
         0          0          0          0          0     212316   ioi2c.o
       428          8          0          0          0        675   led.o
      4488        670          0        337        466       9304   main.o
       220         22          0          0          0       1685   misc.o
        36          8        236          0       1024        768   startup_stm32f10x_md.o
      1102         26          0          0          0      10717   stm32f10x_adc.o
       860         38          0          0          0       5533   stm32f10x_gpio.o
        24          0          0          0          0       1094   stm32f10x_it.o
       932         36          0         20          0       8668   stm32f10x_rcc.o
      3610         88          0          0          0      22016   stm32f10x_tim.o
      1032         22          0          0          0       8256   stm32f10x_usart.o
       480         38          0         20          0      45055   system_stm32f10x.o
        96          6          0          0          0        620   time.o
       300         10          0          0          0        816   timer.o
       724         42          0          5        764       3048   uarts.o

    ----------------------------------------------------------------------
     15266       1060        268        400       2260     339126   Object Totals
         0          0         32          0          0          0   (incl. Generated)
         2          0          0          8          6          0   (incl. Padding)

    ----------------------------------------------------------------------

      Code (inc. data)   RO Data    RW Data    ZI Data      Debug   Library Member Name

       544         70        152          0          0        124   atan.o
       156          8          0          0          0        104   cos.o
       252         22         48          0          0        124   cos_i.o
        68         10          0          0          0        408   dunder.o
        40          0          0          0          0         68   fpclassify.o
       170          0          0          0          0         96   poly.o
      2488        190        136          0          0        300   pow.o
         0          0          8          0          0          0   qnan.o
       904         76        200          0          0        140   rred.o
       236         12         40          0          0        128   sin_i.o
        76          0          0          0          0         84   sqrt.o
        58          0          0          0          0          0   __dczerorl.o
         0          0          0          0          0          0   entry.o
         0          0          0          0          0          0   entry10a.o
         0          0          0          0          0          0   entry11a.o
         8          4          0          0          0          0   entry2.o
         4          0          0          0          0          0   entry5.o
         0          0          0          0          0          0   entry7b.o
         0          0          0          0          0          0   entry8b.o
         8          4          0          0          0          0   entry9a.o
        12          6          0          4          0         68   errno.o
        30          0          0          0          0          0   handlers.o
        36          8          0          0          0         68   init.o
         0          0          0          0          0          0   iusefp.o
        30          0          0          0          0         68   llshl.o
        36          0          0          0          0         68   llsshr.o
        32          0          0          0          0         68   llushr.o
        48          0          0          0          0         68   cdrcmple.o
        20          0          0          0          0         68   cfcmple.o
        20          0          0          0          0         68   cfrcmple.o
        56          0          0          0          0         88   d2f.o
       334          0          0          0          0        148   dadd.o
       222          0          0          0          0        100   ddiv.o
       186          0          0          0          0        176   depilogue.o
        62          0          0          0          0         80   dfixi.o
        50          0          0          0          0         76   dfixui.o
        34          0          0          0          0         76   dflti.o
        26          0          0          0          0         76   dfltui.o
       228          0          0          0          0         96   dmul.o
        46          0          0          0          0         80   dscalb.o
       162          0          0          0          0        100   dsqrt.o
        38          0          0          0          0         68   f2d.o
       176          0          0          0          0        140   fadd.o
       124          0          0          0          0         88   fdiv.o
       110          0          0          0          0        168   fepilogue.o
        50          0          0          0          0         68   ffixi.o
        40          0          0          0          0         68   ffixui.o
        18          0          0          0          0         68   fflti.o
       100          0          0          0          0         76   fmul.o

    ----------------------------------------------------------------------
      7346        410        584          4          0       3960   Library Totals
         8          0          0          0          0          0   (incl. Padding)

    ----------------------------------------------------------------------

      Code (inc. data)   RO Data    RW Data    ZI Data      Debug   Library Name

      4934        388        584          0          0       1576   m_ws.l
       254         22          0          4          0        340   mc_w.l
      2150          0          0          0          0       2044   mf_w.l

    ----------------------------------------------------------------------
      7346        410        584          4          0       3960   Library Totals

    ----------------------------------------------------------------------

==============================================================================


      Code (inc. data)   RO Data    RW Data    ZI Data      Debug   

     22612       1470        852        404       2260     339834   Grand Totals
     22612       1470        852         48       2260     339834   ELF Image Totals (compressed)
     22612       1470        852         48          0          0   ROM Totals

==============================================================================

    Total RO  Size (Code + RO Data)                23464 (  22.91kB)
    Total RW  Size (RW Data + ZI Data)              2664 (   2.60kB)
    Total ROM Size (Code + RO Data + RW Data)      23512 (  22.96kB)

==============================================================================

